build	Set up job	﻿2025-09-24T06:37:25.8439154Z Current runner version: '2.328.0'
build	Set up job	2025-09-24T06:37:25.8464124Z ##[group]Runner Image Provisioner
build	Set up job	2025-09-24T06:37:25.8464921Z Hosted Compute Agent
build	Set up job	2025-09-24T06:37:25.8465611Z Version: 20250829.383
build	Set up job	2025-09-24T06:37:25.8466189Z Commit: 27cb235aab5b0e52e153a26cd86b4742e89dac5d
build	Set up job	2025-09-24T06:37:25.8466869Z Build Date: 2025-08-29T13:48:48Z
build	Set up job	2025-09-24T06:37:25.8467539Z ##[endgroup]
build	Set up job	2025-09-24T06:37:25.8468037Z ##[group]Operating System
build	Set up job	2025-09-24T06:37:25.8468623Z Ubuntu
build	Set up job	2025-09-24T06:37:25.8469163Z 24.04.3
build	Set up job	2025-09-24T06:37:25.8469644Z LTS
build	Set up job	2025-09-24T06:37:25.8470062Z ##[endgroup]
build	Set up job	2025-09-24T06:37:25.8470613Z ##[group]Runner Image
build	Set up job	2025-09-24T06:37:25.8471123Z Image: ubuntu-24.04
build	Set up job	2025-09-24T06:37:25.8471668Z Version: 20250907.24.1
build	Set up job	2025-09-24T06:37:25.8472890Z Included Software: https://github.com/actions/runner-images/blob/ubuntu24/20250907.24/images/ubuntu/Ubuntu2404-Readme.md
build	Set up job	2025-09-24T06:37:25.8474285Z Image Release: https://github.com/actions/runner-images/releases/tag/ubuntu24%2F20250907.24
build	Set up job	2025-09-24T06:37:25.8475478Z ##[endgroup]
build	Set up job	2025-09-24T06:37:25.8476571Z ##[group]GITHUB_TOKEN Permissions
build	Set up job	2025-09-24T06:37:25.8478636Z Contents: read
build	Set up job	2025-09-24T06:37:25.8479240Z Metadata: read
build	Set up job	2025-09-24T06:37:25.8479714Z Packages: read
build	Set up job	2025-09-24T06:37:25.8480278Z ##[endgroup]
build	Set up job	2025-09-24T06:37:25.8482499Z Secret source: Actions
build	Set up job	2025-09-24T06:37:25.8483216Z Prepare workflow directory
build	Set up job	2025-09-24T06:37:25.8904953Z Prepare all required actions
build	Set up job	2025-09-24T06:37:25.8942625Z Getting action download info
build	Set up job	2025-09-24T06:37:26.3214392Z Download action repository 'actions/checkout@v4' (SHA:08eba0b27e820071cde6df949e0beb9ba4906955)
build	Set up job	2025-09-24T06:37:26.5181549Z Download action repository 'actions/setup-python@v5' (SHA:a26af69be951a213d495a4c3e4e4022e16d87065)
build	Set up job	2025-09-24T06:37:26.6057481Z Download action repository 'actions/upload-artifact@v4' (SHA:ea165f8d65b6e75b540449e92b4886f43607fa02)
build	Set up job	2025-09-24T06:37:26.7165442Z Download action repository 'actions/setup-node@v4' (SHA:49933ea5288caeca8642d1e84afbd3f7d6820020)
build	Set up job	2025-09-24T06:37:26.8828129Z Complete job name: build
build	Initialize containers	﻿2025-09-24T06:37:26.9352298Z ##[group]Checking docker version
build	Initialize containers	2025-09-24T06:37:26.9365322Z ##[command]/usr/bin/docker version --format '{{.Server.APIVersion}}'
build	Initialize containers	2025-09-24T06:37:27.0513652Z '1.48'
build	Initialize containers	2025-09-24T06:37:27.0525885Z Docker daemon API version: '1.48'
build	Initialize containers	2025-09-24T06:37:27.0526617Z ##[command]/usr/bin/docker version --format '{{.Client.APIVersion}}'
build	Initialize containers	2025-09-24T06:37:27.0674385Z '1.48'
build	Initialize containers	2025-09-24T06:37:27.0687235Z Docker client API version: '1.48'
build	Initialize containers	2025-09-24T06:37:27.0692365Z ##[endgroup]
build	Initialize containers	2025-09-24T06:37:27.0695650Z ##[group]Clean up resources from previous jobs
build	Initialize containers	2025-09-24T06:37:27.0700952Z ##[command]/usr/bin/docker ps --all --quiet --no-trunc --filter "label=8e1c33"
build	Initialize containers	2025-09-24T06:37:27.0840287Z ##[command]/usr/bin/docker network prune --force --filter "label=8e1c33"
build	Initialize containers	2025-09-24T06:37:27.0980205Z ##[endgroup]
build	Initialize containers	2025-09-24T06:37:27.0980707Z ##[group]Create local container network
build	Initialize containers	2025-09-24T06:37:27.0990668Z ##[command]/usr/bin/docker network create --label 8e1c33 github_network_78990a0040c74a51829a4804d292ae51
build	Initialize containers	2025-09-24T06:37:27.1488957Z 8e12f43797f4c736824c9bba2dfc9206534fd71883ef81e25062dd82cac5c286
build	Initialize containers	2025-09-24T06:37:27.1507192Z ##[endgroup]
build	Initialize containers	2025-09-24T06:37:27.1530631Z ##[group]Starting postgres service container
build	Initialize containers	2025-09-24T06:37:27.1550694Z ##[command]/usr/bin/docker pull postgres:16
build	Initialize containers	2025-09-24T06:37:28.0080849Z 16: Pulling from library/postgres
build	Initialize containers	2025-09-24T06:37:28.2500247Z ce1261c6d567: Pulling fs layer
build	Initialize containers	2025-09-24T06:37:28.2501578Z 951a19831fc8: Pulling fs layer
build	Initialize containers	2025-09-24T06:37:28.2502693Z 2f21900bfd71: Pulling fs layer
build	Initialize containers	2025-09-24T06:37:28.2503739Z cc42246e0a23: Pulling fs layer
build	Initialize containers	2025-09-24T06:37:28.2505011Z 7b0faefcf7ad: Pulling fs layer
build	Initialize containers	2025-09-24T06:37:28.2506145Z 7bf3457011a0: Pulling fs layer
build	Initialize containers	2025-09-24T06:37:28.2506927Z c874057d7395: Pulling fs layer
build	Initialize containers	2025-09-24T06:37:28.2507686Z 7f1bdd7d8f57: Pulling fs layer
build	Initialize containers	2025-09-24T06:37:28.2508494Z 0deb56381ce1: Pulling fs layer
build	Initialize containers	2025-09-24T06:37:28.2509259Z fe70dd977a0a: Pulling fs layer
build	Initialize containers	2025-09-24T06:37:28.2510064Z 6f99bf1c8b70: Pulling fs layer
build	Initialize containers	2025-09-24T06:37:28.2511212Z 52a432e3946d: Pulling fs layer
build	Initialize containers	2025-09-24T06:37:28.2512220Z cdae18826203: Pulling fs layer
build	Initialize containers	2025-09-24T06:37:28.2513055Z 27bda8e4126f: Pulling fs layer
build	Initialize containers	2025-09-24T06:37:28.2513877Z cc42246e0a23: Waiting
build	Initialize containers	2025-09-24T06:37:28.2514565Z 7b0faefcf7ad: Waiting
build	Initialize containers	2025-09-24T06:37:28.2515260Z 6f99bf1c8b70: Waiting
build	Initialize containers	2025-09-24T06:37:28.2515929Z 7bf3457011a0: Waiting
build	Initialize containers	2025-09-24T06:37:28.2516615Z c874057d7395: Waiting
build	Initialize containers	2025-09-24T06:37:28.2517336Z 52a432e3946d: Waiting
build	Initialize containers	2025-09-24T06:37:28.2518017Z 7f1bdd7d8f57: Waiting
build	Initialize containers	2025-09-24T06:37:28.2518728Z cdae18826203: Waiting
build	Initialize containers	2025-09-24T06:37:28.2519558Z 0deb56381ce1: Waiting
build	Initialize containers	2025-09-24T06:37:28.2520373Z 27bda8e4126f: Waiting
build	Initialize containers	2025-09-24T06:37:28.2521203Z fe70dd977a0a: Waiting
build	Initialize containers	2025-09-24T06:37:28.5597578Z 951a19831fc8: Verifying Checksum
build	Initialize containers	2025-09-24T06:37:28.5598461Z 951a19831fc8: Download complete
build	Initialize containers	2025-09-24T06:37:28.6840148Z 2f21900bfd71: Verifying Checksum
build	Initialize containers	2025-09-24T06:37:28.6842304Z 2f21900bfd71: Download complete
build	Initialize containers	2025-09-24T06:37:28.8713544Z ce1261c6d567: Verifying Checksum
build	Initialize containers	2025-09-24T06:37:28.8715346Z ce1261c6d567: Download complete
build	Initialize containers	2025-09-24T06:37:28.9006510Z cc42246e0a23: Verifying Checksum
build	Initialize containers	2025-09-24T06:37:28.9007941Z cc42246e0a23: Download complete
build	Initialize containers	2025-09-24T06:37:29.1251787Z 7b0faefcf7ad: Verifying Checksum
build	Initialize containers	2025-09-24T06:37:29.1252768Z 7b0faefcf7ad: Download complete
build	Initialize containers	2025-09-24T06:37:29.2339674Z c874057d7395: Verifying Checksum
build	Initialize containers	2025-09-24T06:37:29.2343210Z c874057d7395: Download complete
build	Initialize containers	2025-09-24T06:37:29.2582456Z 7bf3457011a0: Verifying Checksum
build	Initialize containers	2025-09-24T06:37:29.2589254Z 7bf3457011a0: Download complete
build	Initialize containers	2025-09-24T06:37:29.3887715Z 7f1bdd7d8f57: Download complete
build	Initialize containers	2025-09-24T06:37:29.5293817Z fe70dd977a0a: Download complete
build	Initialize containers	2025-09-24T06:37:29.6721109Z 6f99bf1c8b70: Verifying Checksum
build	Initialize containers	2025-09-24T06:37:29.6721783Z 6f99bf1c8b70: Download complete
build	Initialize containers	2025-09-24T06:37:29.8042265Z 52a432e3946d: Download complete
build	Initialize containers	2025-09-24T06:37:29.8375129Z ce1261c6d567: Pull complete
build	Initialize containers	2025-09-24T06:37:29.9697654Z cdae18826203: Verifying Checksum
build	Initialize containers	2025-09-24T06:37:29.9698181Z cdae18826203: Download complete
build	Initialize containers	2025-09-24T06:37:30.0908204Z 27bda8e4126f: Verifying Checksum
build	Initialize containers	2025-09-24T06:37:30.0908598Z 27bda8e4126f: Download complete
build	Initialize containers	2025-09-24T06:37:30.6375942Z 951a19831fc8: Pull complete
build	Initialize containers	2025-09-24T06:37:30.8323530Z 2f21900bfd71: Pull complete
build	Initialize containers	2025-09-24T06:37:30.8827875Z cc42246e0a23: Pull complete
build	Initialize containers	2025-09-24T06:37:31.1961489Z 7b0faefcf7ad: Pull complete
build	Initialize containers	2025-09-24T06:37:31.3142666Z 7bf3457011a0: Pull complete
build	Initialize containers	2025-09-24T06:37:31.3289022Z c874057d7395: Pull complete
build	Initialize containers	2025-09-24T06:37:31.3423682Z 7f1bdd7d8f57: Pull complete
build	Initialize containers	2025-09-24T06:37:32.6497949Z 0deb56381ce1: Verifying Checksum
build	Initialize containers	2025-09-24T06:37:32.6498720Z 0deb56381ce1: Download complete
build	Initialize containers	2025-09-24T06:37:35.6469327Z 0deb56381ce1: Pull complete
build	Initialize containers	2025-09-24T06:37:35.6654744Z fe70dd977a0a: Pull complete
build	Initialize containers	2025-09-24T06:37:35.6817188Z 6f99bf1c8b70: Pull complete
build	Initialize containers	2025-09-24T06:37:35.6970299Z 52a432e3946d: Pull complete
build	Initialize containers	2025-09-24T06:37:35.7123526Z cdae18826203: Pull complete
build	Initialize containers	2025-09-24T06:37:35.7295712Z 27bda8e4126f: Pull complete
build	Initialize containers	2025-09-24T06:37:35.7353222Z Digest: sha256:20faf48bc8152dd4923673608ee2ecfabd140208ad94036aa7a764e388046653
build	Initialize containers	2025-09-24T06:37:35.7373097Z Status: Downloaded newer image for postgres:16
build	Initialize containers	2025-09-24T06:37:35.7386714Z docker.io/library/postgres:16
build	Initialize containers	2025-09-24T06:37:35.7445296Z ##[command]/usr/bin/docker create --name f0743d07c7f04ae4bbdfe5aa2b930a1f_postgres16_3ee922 --label 8e1c33 --network github_network_78990a0040c74a51829a4804d292ae51 --network-alias postgres -p 5432:5432 --health-cmd="pg_isready -U postgres" --health-interval=10s --health-timeout=5s --health-retries=5 -e "POSTGRES_USER=postgres" -e "POSTGRES_PASSWORD=postgres" -e "POSTGRES_DB=quantum" -e GITHUB_ACTIONS=true -e CI=true postgres:16
build	Initialize containers	2025-09-24T06:37:35.7733507Z 50bac6f93e9d6581b743b4223738194cfcc66ccf58a4bb9410721a06a23e9eb1
build	Initialize containers	2025-09-24T06:37:35.7756931Z ##[command]/usr/bin/docker start 50bac6f93e9d6581b743b4223738194cfcc66ccf58a4bb9410721a06a23e9eb1
build	Initialize containers	2025-09-24T06:37:36.0260275Z 50bac6f93e9d6581b743b4223738194cfcc66ccf58a4bb9410721a06a23e9eb1
build	Initialize containers	2025-09-24T06:37:36.0280573Z ##[command]/usr/bin/docker ps --all --filter id=50bac6f93e9d6581b743b4223738194cfcc66ccf58a4bb9410721a06a23e9eb1 --filter status=running --no-trunc --format "{{.ID}} {{.Status}}"
build	Initialize containers	2025-09-24T06:37:36.0456844Z 50bac6f93e9d6581b743b4223738194cfcc66ccf58a4bb9410721a06a23e9eb1 Up Less than a second (health: starting)
build	Initialize containers	2025-09-24T06:37:36.0479028Z ##[command]/usr/bin/docker port 50bac6f93e9d6581b743b4223738194cfcc66ccf58a4bb9410721a06a23e9eb1
build	Initialize containers	2025-09-24T06:37:36.0614155Z 5432/tcp -> 0.0.0.0:5432
build	Initialize containers	2025-09-24T06:37:36.0614633Z 5432/tcp -> [::]:5432
build	Initialize containers	2025-09-24T06:37:36.0672858Z ##[endgroup]
build	Initialize containers	2025-09-24T06:37:36.0683003Z ##[group]Waiting for all services to be ready
build	Initialize containers	2025-09-24T06:37:36.0761349Z ##[command]/usr/bin/docker inspect --format="{{if .Config.Healthcheck}}{{print .State.Health.Status}}{{end}}" 50bac6f93e9d6581b743b4223738194cfcc66ccf58a4bb9410721a06a23e9eb1
build	Initialize containers	2025-09-24T06:37:36.0913419Z starting
build	Initialize containers	2025-09-24T06:37:36.0942905Z postgres service is starting, waiting 2 seconds before checking again.
build	Initialize containers	2025-09-24T06:37:38.0946321Z ##[command]/usr/bin/docker inspect --format="{{if .Config.Healthcheck}}{{print .State.Health.Status}}{{end}}" 50bac6f93e9d6581b743b4223738194cfcc66ccf58a4bb9410721a06a23e9eb1
build	Initialize containers	2025-09-24T06:37:38.1065307Z starting
build	Initialize containers	2025-09-24T06:37:38.1078912Z postgres service is starting, waiting 4 seconds before checking again.
build	Initialize containers	2025-09-24T06:37:42.2632643Z ##[command]/usr/bin/docker inspect --format="{{if .Config.Healthcheck}}{{print .State.Health.Status}}{{end}}" 50bac6f93e9d6581b743b4223738194cfcc66ccf58a4bb9410721a06a23e9eb1
build	Initialize containers	2025-09-24T06:37:42.2754810Z starting
build	Initialize containers	2025-09-24T06:37:42.2768229Z postgres service is starting, waiting 8 seconds before checking again.
build	Initialize containers	2025-09-24T06:37:50.4498588Z ##[command]/usr/bin/docker inspect --format="{{if .Config.Healthcheck}}{{print .State.Health.Status}}{{end}}" 50bac6f93e9d6581b743b4223738194cfcc66ccf58a4bb9410721a06a23e9eb1
build	Initialize containers	2025-09-24T06:37:50.4620899Z healthy
build	Initialize containers	2025-09-24T06:37:50.4637646Z postgres service is healthy.
build	Initialize containers	2025-09-24T06:37:50.4638419Z ##[endgroup]
build	Checkout repo	﻿2025-09-24T06:37:50.4885370Z ##[group]Run actions/checkout@v4
build	Checkout repo	2025-09-24T06:37:50.4885892Z with:
build	Checkout repo	2025-09-24T06:37:50.4886128Z   repository: binyaminsemerci-ops/quantum_trader
build	Checkout repo	2025-09-24T06:37:50.4886553Z   token: ***
build	Checkout repo	2025-09-24T06:37:50.4886725Z   ssh-strict: true
build	Checkout repo	2025-09-24T06:37:50.4886900Z   ssh-user: git
build	Checkout repo	2025-09-24T06:37:50.4887079Z   persist-credentials: true
build	Checkout repo	2025-09-24T06:37:50.4887287Z   clean: true
build	Checkout repo	2025-09-24T06:37:50.4887467Z   sparse-checkout-cone-mode: true
build	Checkout repo	2025-09-24T06:37:50.4887712Z   fetch-depth: 1
build	Checkout repo	2025-09-24T06:37:50.4887885Z   fetch-tags: false
build	Checkout repo	2025-09-24T06:37:50.4888069Z   show-progress: true
build	Checkout repo	2025-09-24T06:37:50.4888269Z   lfs: false
build	Checkout repo	2025-09-24T06:37:50.4888433Z   submodules: false
build	Checkout repo	2025-09-24T06:37:50.4888610Z   set-safe-directory: true
build	Checkout repo	2025-09-24T06:37:50.4888988Z ##[endgroup]
build	Checkout repo	2025-09-24T06:37:50.5936402Z Syncing repository: binyaminsemerci-ops/quantum_trader
build	Checkout repo	2025-09-24T06:37:50.5938053Z ##[group]Getting Git version info
build	Checkout repo	2025-09-24T06:37:50.5938476Z Working directory is '/home/runner/work/quantum_trader/quantum_trader'
build	Checkout repo	2025-09-24T06:37:50.5939099Z [command]/usr/bin/git version
build	Checkout repo	2025-09-24T06:37:50.6029841Z git version 2.51.0
build	Checkout repo	2025-09-24T06:37:50.6055047Z ##[endgroup]
build	Checkout repo	2025-09-24T06:37:50.6068300Z Temporarily overriding HOME='/home/runner/work/_temp/38b76c85-0444-45c5-bdee-bf90db43939c' before making global git config changes
build	Checkout repo	2025-09-24T06:37:50.6069197Z Adding repository directory to the temporary git global config as a safe directory
build	Checkout repo	2025-09-24T06:37:50.6073613Z [command]/usr/bin/git config --global --add safe.directory /home/runner/work/quantum_trader/quantum_trader
build	Checkout repo	2025-09-24T06:37:50.6109376Z Deleting the contents of '/home/runner/work/quantum_trader/quantum_trader'
build	Checkout repo	2025-09-24T06:37:50.6113083Z ##[group]Initializing the repository
build	Checkout repo	2025-09-24T06:37:50.6116717Z [command]/usr/bin/git init /home/runner/work/quantum_trader/quantum_trader
build	Checkout repo	2025-09-24T06:37:50.6273497Z hint: Using 'master' as the name for the initial branch. This default branch name
build	Checkout repo	2025-09-24T06:37:50.6274602Z hint: is subject to change. To configure the initial branch name to use in all
build	Checkout repo	2025-09-24T06:37:50.6275186Z hint: of your new repositories, which will suppress this warning, call:
build	Checkout repo	2025-09-24T06:37:50.6275763Z hint:
build	Checkout repo	2025-09-24T06:37:50.6276195Z hint: 	git config --global init.defaultBranch <name>
build	Checkout repo	2025-09-24T06:37:50.6276693Z hint:
build	Checkout repo	2025-09-24T06:37:50.6277149Z hint: Names commonly chosen instead of 'master' are 'main', 'trunk' and
build	Checkout repo	2025-09-24T06:37:50.6277954Z hint: 'development'. The just-created branch can be renamed via this command:
build	Checkout repo	2025-09-24T06:37:50.6278569Z hint:
build	Checkout repo	2025-09-24T06:37:50.6278850Z hint: 	git branch -m <name>
build	Checkout repo	2025-09-24T06:37:50.6279199Z hint:
build	Checkout repo	2025-09-24T06:37:50.6279680Z hint: Disable this message with "git config set advice.defaultBranchName false"
build	Checkout repo	2025-09-24T06:37:50.6280616Z Initialized empty Git repository in /home/runner/work/quantum_trader/quantum_trader/.git/
build	Checkout repo	2025-09-24T06:37:50.6290259Z [command]/usr/bin/git remote add origin https://github.com/binyaminsemerci-ops/quantum_trader
build	Checkout repo	2025-09-24T06:37:50.6325890Z ##[endgroup]
build	Checkout repo	2025-09-24T06:37:50.6326332Z ##[group]Disabling automatic garbage collection
build	Checkout repo	2025-09-24T06:37:50.6330073Z [command]/usr/bin/git config --local gc.auto 0
build	Checkout repo	2025-09-24T06:37:50.6357305Z ##[endgroup]
build	Checkout repo	2025-09-24T06:37:50.6357789Z ##[group]Setting up auth
build	Checkout repo	2025-09-24T06:37:50.6364229Z [command]/usr/bin/git config --local --name-only --get-regexp core\.sshCommand
build	Checkout repo	2025-09-24T06:37:50.6393476Z [command]/usr/bin/git submodule foreach --recursive sh -c "git config --local --name-only --get-regexp 'core\.sshCommand' && git config --local --unset-all 'core.sshCommand' || :"
build	Checkout repo	2025-09-24T06:37:50.6750107Z [command]/usr/bin/git config --local --name-only --get-regexp http\.https\:\/\/github\.com\/\.extraheader
build	Checkout repo	2025-09-24T06:37:50.6779645Z [command]/usr/bin/git submodule foreach --recursive sh -c "git config --local --name-only --get-regexp 'http\.https\:\/\/github\.com\/\.extraheader' && git config --local --unset-all 'http.https://github.com/.extraheader' || :"
build	Checkout repo	2025-09-24T06:37:50.7002485Z [command]/usr/bin/git config --local http.https://github.com/.extraheader AUTHORIZATION: basic ***
build	Checkout repo	2025-09-24T06:37:50.7036242Z ##[endgroup]
build	Checkout repo	2025-09-24T06:37:50.7044160Z ##[group]Fetching the repository
build	Checkout repo	2025-09-24T06:37:50.7045465Z [command]/usr/bin/git -c protocol.version=2 fetch --no-tags --prune --no-recurse-submodules --depth=1 origin +efb3fd0867d315fd015bf0f172abd6672ccb164a:refs/remotes/pull/32/merge
build	Checkout repo	2025-09-24T06:37:51.4473229Z From https://github.com/binyaminsemerci-ops/quantum_trader
build	Checkout repo	2025-09-24T06:37:51.4473908Z  * [new ref]         efb3fd0867d315fd015bf0f172abd6672ccb164a -> pull/32/merge
build	Checkout repo	2025-09-24T06:37:51.4506588Z ##[endgroup]
build	Checkout repo	2025-09-24T06:37:51.4507209Z ##[group]Determining the checkout info
build	Checkout repo	2025-09-24T06:37:51.4509384Z ##[endgroup]
build	Checkout repo	2025-09-24T06:37:51.4514941Z [command]/usr/bin/git sparse-checkout disable
build	Checkout repo	2025-09-24T06:37:51.4556264Z [command]/usr/bin/git config --local --unset-all extensions.worktreeConfig
build	Checkout repo	2025-09-24T06:37:51.4583753Z ##[group]Checking out the ref
build	Checkout repo	2025-09-24T06:37:51.4587961Z [command]/usr/bin/git checkout --progress --force refs/remotes/pull/32/merge
build	Checkout repo	2025-09-24T06:37:51.4807547Z Note: switching to 'refs/remotes/pull/32/merge'.
build	Checkout repo	2025-09-24T06:37:51.4808101Z 
build	Checkout repo	2025-09-24T06:37:51.4808492Z You are in 'detached HEAD' state. You can look around, make experimental
build	Checkout repo	2025-09-24T06:37:51.4809425Z changes and commit them, and you can discard any commits you make in this
build	Checkout repo	2025-09-24T06:37:51.4810347Z state without impacting any branches by switching back to a branch.
build	Checkout repo	2025-09-24T06:37:51.4810890Z 
build	Checkout repo	2025-09-24T06:37:51.4811219Z If you want to create a new branch to retain commits you create, you may
build	Checkout repo	2025-09-24T06:37:51.4811770Z do so (now or later) by using -c with the switch command. Example:
build	Checkout repo	2025-09-24T06:37:51.4812308Z 
build	Checkout repo	2025-09-24T06:37:51.4812419Z   git switch -c <new-branch-name>
build	Checkout repo	2025-09-24T06:37:51.4812601Z 
build	Checkout repo	2025-09-24T06:37:51.4812707Z Or undo this operation with:
build	Checkout repo	2025-09-24T06:37:51.4812867Z 
build	Checkout repo	2025-09-24T06:37:51.4812947Z   git switch -
build	Checkout repo	2025-09-24T06:37:51.4813109Z 
build	Checkout repo	2025-09-24T06:37:51.4813595Z Turn off this advice by setting config variable advice.detachedHead to false
build	Checkout repo	2025-09-24T06:37:51.4813925Z 
build	Checkout repo	2025-09-24T06:37:51.4814299Z HEAD is now at efb3fd0 Merge fff744895618c421f706f3ead0d461e143be74a3 into 9da786d59a42093d6bfc03fe0521a11b020be207
build	Checkout repo	2025-09-24T06:37:51.4816063Z ##[endgroup]
build	Checkout repo	2025-09-24T06:37:51.4855270Z [command]/usr/bin/git log -1 --format=%H
build	Checkout repo	2025-09-24T06:37:51.4877456Z efb3fd0867d315fd015bf0f172abd6672ccb164a
build	Set up Python	﻿2025-09-24T06:37:51.5090156Z ##[group]Run actions/setup-python@v5
build	Set up Python	2025-09-24T06:37:51.5090436Z with:
build	Set up Python	2025-09-24T06:37:51.5090605Z   python-version: 3.12
build	Set up Python	2025-09-24T06:37:51.5090805Z   check-latest: false
build	Set up Python	2025-09-24T06:37:51.5091105Z   token: ***
build	Set up Python	2025-09-24T06:37:51.5091289Z   update-environment: true
build	Set up Python	2025-09-24T06:37:51.5091503Z   allow-prereleases: false
build	Set up Python	2025-09-24T06:37:51.5091706Z   freethreaded: false
build	Set up Python	2025-09-24T06:37:51.5092115Z ##[endgroup]
build	Set up Python	2025-09-24T06:37:51.6710939Z ##[group]Installed versions
build	Set up Python	2025-09-24T06:37:51.6847644Z Successfully set up CPython (3.12.11)
build	Set up Python	2025-09-24T06:37:51.6848445Z ##[endgroup]
build	Diagnostic - pip list (before install)	﻿2025-09-24T06:37:51.6963448Z ##[group]Run python -m pip --version
build	Diagnostic - pip list (before install)	2025-09-24T06:37:51.6963808Z [36;1mpython -m pip --version[0m
build	Diagnostic - pip list (before install)	2025-09-24T06:37:51.6964163Z [36;1mpython -m pip list --format=freeze | sort > pip-list-before.txt || true[0m
build	Diagnostic - pip list (before install)	2025-09-24T06:37:51.6964538Z [36;1mecho "Wrote pip-list-before.txt"[0m
build	Diagnostic - pip list (before install)	2025-09-24T06:37:51.6964807Z [36;1mhead -n 50 pip-list-before.txt || true[0m
build	Diagnostic - pip list (before install)	2025-09-24T06:37:51.7172683Z shell: /usr/bin/bash --noprofile --norc -e -o pipefail {0}
build	Diagnostic - pip list (before install)	2025-09-24T06:37:51.7173028Z env:
build	Diagnostic - pip list (before install)	2025-09-24T06:37:51.7173267Z   pythonLocation: /opt/hostedtoolcache/Python/3.12.11/x64
build	Diagnostic - pip list (before install)	2025-09-24T06:37:51.7173679Z   PKG_CONFIG_PATH: /opt/hostedtoolcache/Python/3.12.11/x64/lib/pkgconfig
build	Diagnostic - pip list (before install)	2025-09-24T06:37:51.7174081Z   Python_ROOT_DIR: /opt/hostedtoolcache/Python/3.12.11/x64
build	Diagnostic - pip list (before install)	2025-09-24T06:37:51.7174426Z   Python2_ROOT_DIR: /opt/hostedtoolcache/Python/3.12.11/x64
build	Diagnostic - pip list (before install)	2025-09-24T06:37:51.7174775Z   Python3_ROOT_DIR: /opt/hostedtoolcache/Python/3.12.11/x64
build	Diagnostic - pip list (before install)	2025-09-24T06:37:51.7175135Z   LD_LIBRARY_PATH: /opt/hostedtoolcache/Python/3.12.11/x64/lib
build	Diagnostic - pip list (before install)	2025-09-24T06:37:51.7175454Z ##[endgroup]
build	Diagnostic - pip list (before install)	2025-09-24T06:37:54.1893274Z pip 25.2 from /opt/hostedtoolcache/Python/3.12.11/x64/lib/python3.12/site-packages/pip (python 3.12)
build	Diagnostic - pip list (before install)	2025-09-24T06:37:54.4993445Z Wrote pip-list-before.txt
build	Diagnostic - pip list (before install)	2025-09-24T06:37:54.5012118Z pip==25.2
build	Install runtime pip deps	﻿2025-09-24T06:37:54.5046760Z ##[group]Run python -m pip install --upgrade pip
build	Install runtime pip deps	2025-09-24T06:37:54.5047150Z [36;1mpython -m pip install --upgrade pip[0m
build	Install runtime pip deps	2025-09-24T06:37:54.5047452Z [36;1mpip install -r backend/requirements.txt[0m
build	Install runtime pip deps	2025-09-24T06:37:54.5079248Z shell: /usr/bin/bash -e {0}
build	Install runtime pip deps	2025-09-24T06:37:54.5079470Z env:
build	Install runtime pip deps	2025-09-24T06:37:54.5079712Z   pythonLocation: /opt/hostedtoolcache/Python/3.12.11/x64
build	Install runtime pip deps	2025-09-24T06:37:54.5080107Z   PKG_CONFIG_PATH: /opt/hostedtoolcache/Python/3.12.11/x64/lib/pkgconfig
build	Install runtime pip deps	2025-09-24T06:37:54.5080494Z   Python_ROOT_DIR: /opt/hostedtoolcache/Python/3.12.11/x64
build	Install runtime pip deps	2025-09-24T06:37:54.5080855Z   Python2_ROOT_DIR: /opt/hostedtoolcache/Python/3.12.11/x64
build	Install runtime pip deps	2025-09-24T06:37:54.5081229Z   Python3_ROOT_DIR: /opt/hostedtoolcache/Python/3.12.11/x64
build	Install runtime pip deps	2025-09-24T06:37:54.5081573Z   LD_LIBRARY_PATH: /opt/hostedtoolcache/Python/3.12.11/x64/lib
build	Install runtime pip deps	2025-09-24T06:37:54.5082055Z ##[endgroup]
build	Install runtime pip deps	2025-09-24T06:37:56.5717645Z Requirement already satisfied: pip in /opt/hostedtoolcache/Python/3.12.11/x64/lib/python3.12/site-packages (25.2)
build	Install runtime pip deps	2025-09-24T06:37:57.7375638Z Collecting fastapi (from -r backend/requirements.txt (line 1))
build	Install runtime pip deps	2025-09-24T06:37:57.7926458Z   Downloading fastapi-0.117.1-py3-none-any.whl.metadata (28 kB)
build	Install runtime pip deps	2025-09-24T06:37:57.8414647Z Collecting uvicorn (from -r backend/requirements.txt (line 2))
build	Install runtime pip deps	2025-09-24T06:37:57.8515867Z   Downloading uvicorn-0.37.0-py3-none-any.whl.metadata (6.6 kB)
build	Install runtime pip deps	2025-09-24T06:37:58.1396647Z Collecting sqlalchemy (from -r backend/requirements.txt (line 3))
build	Install runtime pip deps	2025-09-24T06:37:58.1501193Z   Downloading sqlalchemy-2.0.43-cp312-cp312-manylinux_2_17_x86_64.manylinux2014_x86_64.whl.metadata (9.6 kB)
build	Install runtime pip deps	2025-09-24T06:37:58.1978434Z Collecting xgboost (from -r backend/requirements.txt (line 4))
build	Install runtime pip deps	2025-09-24T06:37:58.2087167Z   Downloading xgboost-3.0.5-py3-none-manylinux_2_28_x86_64.whl.metadata (2.1 kB)
build	Install runtime pip deps	2025-09-24T06:37:58.3254588Z Collecting pandas (from -r backend/requirements.txt (line 5))
build	Install runtime pip deps	2025-09-24T06:37:58.3357168Z   Downloading pandas-2.3.2-cp312-cp312-manylinux_2_17_x86_64.manylinux2014_x86_64.whl.metadata (91 kB)
build	Install runtime pip deps	2025-09-24T06:37:58.5545240Z Collecting numpy (from -r backend/requirements.txt (line 6))
build	Install runtime pip deps	2025-09-24T06:37:58.5660663Z   Downloading numpy-2.3.3-cp312-cp312-manylinux_2_27_x86_64.manylinux_2_28_x86_64.whl.metadata (62 kB)
build	Install runtime pip deps	2025-09-24T06:37:58.6621561Z Collecting scikit-learn (from -r backend/requirements.txt (line 7))
build	Install runtime pip deps	2025-09-24T06:37:58.6725949Z   Downloading scikit_learn-1.7.2-cp312-cp312-manylinux2014_x86_64.manylinux_2_17_x86_64.whl.metadata (11 kB)
build	Install runtime pip deps	2025-09-24T06:37:58.8334087Z Collecting matplotlib (from -r backend/requirements.txt (line 8))
build	Install runtime pip deps	2025-09-24T06:37:58.8450683Z   Downloading matplotlib-3.10.6-cp312-cp312-manylinux2014_x86_64.manylinux_2_17_x86_64.whl.metadata (11 kB)
build	Install runtime pip deps	2025-09-24T06:37:58.9362632Z Collecting binance (from -r backend/requirements.txt (line 9))
build	Install runtime pip deps	2025-09-24T06:37:58.9475556Z   Downloading binance-0.3.70-py3-none-any.whl.metadata (50 kB)
build	Install runtime pip deps	2025-09-24T06:37:58.9835872Z Collecting python-binance (from -r backend/requirements.txt (line 10))
build	Install runtime pip deps	2025-09-24T06:37:58.9942900Z   Downloading python_binance-1.0.29-py2.py3-none-any.whl.metadata (13 kB)
build	Install runtime pip deps	2025-09-24T06:37:59.0199278Z Collecting python-dotenv (from -r backend/requirements.txt (line 11))
build	Install runtime pip deps	2025-09-24T06:37:59.0299037Z   Downloading python_dotenv-1.1.1-py3-none-any.whl.metadata (24 kB)
build	Install runtime pip deps	2025-09-24T06:37:59.2110861Z Collecting cryptography (from -r backend/requirements.txt (line 12))
build	Install runtime pip deps	2025-09-24T06:37:59.2212979Z   Downloading cryptography-46.0.1-cp311-abi3-manylinux_2_34_x86_64.whl.metadata (5.7 kB)
build	Install runtime pip deps	2025-09-24T06:37:59.2626348Z Collecting requests (from -r backend/requirements.txt (line 13))
build	Install runtime pip deps	2025-09-24T06:37:59.2726966Z   Downloading requests-2.32.5-py3-none-any.whl.metadata (4.9 kB)
build	Install runtime pip deps	2025-09-24T06:37:59.7793006Z Collecting aiohttp (from -r backend/requirements.txt (line 14))
build	Install runtime pip deps	2025-09-24T06:37:59.7894609Z   Downloading aiohttp-3.12.15-cp312-cp312-manylinux_2_17_x86_64.manylinux2014_x86_64.whl.metadata (7.7 kB)
build	Install runtime pip deps	2025-09-24T06:37:59.8278717Z Collecting starlette<0.49.0,>=0.40.0 (from fastapi->-r backend/requirements.txt (line 1))
build	Install runtime pip deps	2025-09-24T06:37:59.8382589Z   Downloading starlette-0.48.0-py3-none-any.whl.metadata (6.3 kB)
build	Install runtime pip deps	2025-09-24T06:37:59.9917783Z Collecting pydantic!=1.8,!=1.8.1,!=2.0.0,!=2.0.1,!=2.1.0,<3.0.0,>=1.7.4 (from fastapi->-r backend/requirements.txt (line 1))
build	Install runtime pip deps	2025-09-24T06:38:00.0026951Z   Downloading pydantic-2.11.9-py3-none-any.whl.metadata (68 kB)
build	Install runtime pip deps	2025-09-24T06:38:00.0376292Z Collecting typing-extensions>=4.8.0 (from fastapi->-r backend/requirements.txt (line 1))
build	Install runtime pip deps	2025-09-24T06:38:00.0476151Z   Downloading typing_extensions-4.15.0-py3-none-any.whl.metadata (3.3 kB)
build	Install runtime pip deps	2025-09-24T06:38:00.0671032Z Collecting annotated-types>=0.6.0 (from pydantic!=1.8,!=1.8.1,!=2.0.0,!=2.0.1,!=2.1.0,<3.0.0,>=1.7.4->fastapi->-r backend/requirements.txt (line 1))
build	Install runtime pip deps	2025-09-24T06:38:00.0770429Z   Downloading annotated_types-0.7.0-py3-none-any.whl.metadata (15 kB)
build	Install runtime pip deps	2025-09-24T06:38:00.7380603Z Collecting pydantic-core==2.33.2 (from pydantic!=1.8,!=1.8.1,!=2.0.0,!=2.0.1,!=2.1.0,<3.0.0,>=1.7.4->fastapi->-r backend/requirements.txt (line 1))
build	Install runtime pip deps	2025-09-24T06:38:00.7484832Z   Downloading pydantic_core-2.33.2-cp312-cp312-manylinux_2_17_x86_64.manylinux2014_x86_64.whl.metadata (6.8 kB)
build	Install runtime pip deps	2025-09-24T06:38:00.7710349Z Collecting typing-inspection>=0.4.0 (from pydantic!=1.8,!=1.8.1,!=2.0.0,!=2.0.1,!=2.1.0,<3.0.0,>=1.7.4->fastapi->-r backend/requirements.txt (line 1))
build	Install runtime pip deps	2025-09-24T06:38:00.7810824Z   Downloading typing_inspection-0.4.1-py3-none-any.whl.metadata (2.6 kB)
build	Install runtime pip deps	2025-09-24T06:38:00.8143981Z Collecting anyio<5,>=3.6.2 (from starlette<0.49.0,>=0.40.0->fastapi->-r backend/requirements.txt (line 1))
build	Install runtime pip deps	2025-09-24T06:38:00.8242563Z   Downloading anyio-4.11.0-py3-none-any.whl.metadata (4.1 kB)
build	Install runtime pip deps	2025-09-24T06:38:00.8515172Z Collecting idna>=2.8 (from anyio<5,>=3.6.2->starlette<0.49.0,>=0.40.0->fastapi->-r backend/requirements.txt (line 1))
build	Install runtime pip deps	2025-09-24T06:38:00.8613937Z   Downloading idna-3.10-py3-none-any.whl.metadata (10 kB)
build	Install runtime pip deps	2025-09-24T06:38:00.8800523Z Collecting sniffio>=1.1 (from anyio<5,>=3.6.2->starlette<0.49.0,>=0.40.0->fastapi->-r backend/requirements.txt (line 1))
build	Install runtime pip deps	2025-09-24T06:38:00.8899212Z   Downloading sniffio-1.3.1-py3-none-any.whl.metadata (3.9 kB)
build	Install runtime pip deps	2025-09-24T06:38:00.9227959Z Collecting click>=7.0 (from uvicorn->-r backend/requirements.txt (line 2))
build	Install runtime pip deps	2025-09-24T06:38:00.9325889Z   Downloading click-8.3.0-py3-none-any.whl.metadata (2.6 kB)
build	Install runtime pip deps	2025-09-24T06:38:00.9519378Z Collecting h11>=0.8 (from uvicorn->-r backend/requirements.txt (line 2))
build	Install runtime pip deps	2025-09-24T06:38:00.9618841Z   Downloading h11-0.16.0-py3-none-any.whl.metadata (8.3 kB)
build	Install runtime pip deps	2025-09-24T06:38:01.0870284Z Collecting greenlet>=1 (from sqlalchemy->-r backend/requirements.txt (line 3))
build	Install runtime pip deps	2025-09-24T06:38:01.0969708Z   Downloading greenlet-3.2.4-cp312-cp312-manylinux_2_24_x86_64.manylinux_2_28_x86_64.whl.metadata (4.1 kB)
build	Install runtime pip deps	2025-09-24T06:38:01.1193192Z Collecting nvidia-nccl-cu12 (from xgboost->-r backend/requirements.txt (line 4))
build	Install runtime pip deps	2025-09-24T06:38:01.1292728Z   Downloading nvidia_nccl_cu12-2.28.3-py3-none-manylinux_2_18_x86_64.whl.metadata (2.0 kB)
build	Install runtime pip deps	2025-09-24T06:38:01.2479643Z Collecting scipy (from xgboost->-r backend/requirements.txt (line 4))
build	Install runtime pip deps	2025-09-24T06:38:01.2630123Z   Downloading scipy-1.16.2-cp312-cp312-manylinux2014_x86_64.manylinux_2_17_x86_64.whl.metadata (62 kB)
build	Install runtime pip deps	2025-09-24T06:38:01.3058359Z Collecting python-dateutil>=2.8.2 (from pandas->-r backend/requirements.txt (line 5))
build	Install runtime pip deps	2025-09-24T06:38:01.3161354Z   Downloading python_dateutil-2.9.0.post0-py2.py3-none-any.whl.metadata (8.4 kB)
build	Install runtime pip deps	2025-09-24T06:38:01.3606418Z Collecting pytz>=2020.1 (from pandas->-r backend/requirements.txt (line 5))
build	Install runtime pip deps	2025-09-24T06:38:01.3707610Z   Downloading pytz-2025.2-py2.py3-none-any.whl.metadata (22 kB)
build	Install runtime pip deps	2025-09-24T06:38:01.3942053Z Collecting tzdata>=2022.7 (from pandas->-r backend/requirements.txt (line 5))
build	Install runtime pip deps	2025-09-24T06:38:01.4038434Z   Downloading tzdata-2025.2-py2.py3-none-any.whl.metadata (1.4 kB)
build	Install runtime pip deps	2025-09-24T06:38:01.4447189Z Collecting joblib>=1.2.0 (from scikit-learn->-r backend/requirements.txt (line 7))
build	Install runtime pip deps	2025-09-24T06:38:01.4545856Z   Downloading joblib-1.5.2-py3-none-any.whl.metadata (5.6 kB)
build	Install runtime pip deps	2025-09-24T06:38:01.4744620Z Collecting threadpoolctl>=3.1.0 (from scikit-learn->-r backend/requirements.txt (line 7))
build	Install runtime pip deps	2025-09-24T06:38:01.4842671Z   Downloading threadpoolctl-3.6.0-py3-none-any.whl.metadata (13 kB)
build	Install runtime pip deps	2025-09-24T06:38:01.6236005Z Collecting contourpy>=1.0.1 (from matplotlib->-r backend/requirements.txt (line 8))
build	Install runtime pip deps	2025-09-24T06:38:01.6339897Z   Downloading contourpy-1.3.3-cp312-cp312-manylinux_2_27_x86_64.manylinux_2_28_x86_64.whl.metadata (5.5 kB)
build	Install runtime pip deps	2025-09-24T06:38:01.6563274Z Collecting cycler>=0.10 (from matplotlib->-r backend/requirements.txt (line 8))
build	Install runtime pip deps	2025-09-24T06:38:01.6664166Z   Downloading cycler-0.12.1-py3-none-any.whl.metadata (3.8 kB)
build	Install runtime pip deps	2025-09-24T06:38:01.8215169Z Collecting fonttools>=4.22.0 (from matplotlib->-r backend/requirements.txt (line 8))
build	Install runtime pip deps	2025-09-24T06:38:01.8321593Z   Downloading fonttools-4.60.0-cp312-cp312-manylinux1_x86_64.manylinux2014_x86_64.manylinux_2_17_x86_64.manylinux_2_5_x86_64.whl.metadata (111 kB)
build	Install runtime pip deps	2025-09-24T06:38:01.9146857Z Collecting kiwisolver>=1.3.1 (from matplotlib->-r backend/requirements.txt (line 8))
build	Install runtime pip deps	2025-09-24T06:38:01.9250975Z   Downloading kiwisolver-1.4.9-cp312-cp312-manylinux2014_x86_64.manylinux_2_17_x86_64.whl.metadata (6.3 kB)
build	Install runtime pip deps	2025-09-24T06:38:01.9607338Z Collecting packaging>=20.0 (from matplotlib->-r backend/requirements.txt (line 8))
build	Install runtime pip deps	2025-09-24T06:38:01.9706773Z   Downloading packaging-25.0-py3-none-any.whl.metadata (3.3 kB)
build	Install runtime pip deps	2025-09-24T06:38:02.1347089Z Collecting pillow>=8 (from matplotlib->-r backend/requirements.txt (line 8))
build	Install runtime pip deps	2025-09-24T06:38:02.1452460Z   Downloading pillow-11.3.0-cp312-cp312-manylinux_2_27_x86_64.manylinux_2_28_x86_64.whl.metadata (9.0 kB)
build	Install runtime pip deps	2025-09-24T06:38:02.1854231Z Collecting pyparsing>=2.3.1 (from matplotlib->-r backend/requirements.txt (line 8))
build	Install runtime pip deps	2025-09-24T06:38:02.1957541Z   Downloading pyparsing-3.2.5-py3-none-any.whl.metadata (5.0 kB)
build	Install runtime pip deps	2025-09-24T06:38:02.2227779Z Collecting six (from python-binance->-r backend/requirements.txt (line 10))
build	Install runtime pip deps	2025-09-24T06:38:02.2330772Z   Downloading six-1.17.0-py2.py3-none-any.whl.metadata (1.7 kB)
build	Install runtime pip deps	2025-09-24T06:38:02.2573781Z Collecting dateparser (from python-binance->-r backend/requirements.txt (line 10))
build	Install runtime pip deps	2025-09-24T06:38:02.2696114Z   Downloading dateparser-1.2.2-py3-none-any.whl.metadata (29 kB)
build	Install runtime pip deps	2025-09-24T06:38:02.3649531Z Collecting websockets (from python-binance->-r backend/requirements.txt (line 10))
build	Install runtime pip deps	2025-09-24T06:38:02.3755861Z   Downloading websockets-15.0.1-cp312-cp312-manylinux_2_5_x86_64.manylinux1_x86_64.manylinux_2_17_x86_64.manylinux2014_x86_64.whl.metadata (6.8 kB)
build	Install runtime pip deps	2025-09-24T06:38:02.4675715Z Collecting pycryptodome (from python-binance->-r backend/requirements.txt (line 10))
build	Install runtime pip deps	2025-09-24T06:38:02.4780457Z   Downloading pycryptodome-3.23.0-cp37-abi3-manylinux_2_17_x86_64.manylinux2014_x86_64.whl.metadata (3.4 kB)
build	Install runtime pip deps	2025-09-24T06:38:02.5902607Z Collecting cffi>=2.0.0 (from cryptography->-r backend/requirements.txt (line 12))
build	Install runtime pip deps	2025-09-24T06:38:02.6041547Z   Downloading cffi-2.0.0-cp312-cp312-manylinux2014_x86_64.manylinux_2_17_x86_64.whl.metadata (2.6 kB)
build	Install runtime pip deps	2025-09-24T06:38:02.7691440Z Collecting charset_normalizer<4,>=2 (from requests->-r backend/requirements.txt (line 13))
build	Install runtime pip deps	2025-09-24T06:38:02.7794888Z   Downloading charset_normalizer-3.4.3-cp312-cp312-manylinux2014_x86_64.manylinux_2_17_x86_64.manylinux_2_28_x86_64.whl.metadata (36 kB)
build	Install runtime pip deps	2025-09-24T06:38:02.8216924Z Collecting urllib3<3,>=1.21.1 (from requests->-r backend/requirements.txt (line 13))
build	Install runtime pip deps	2025-09-24T06:38:02.8320888Z   Downloading urllib3-2.5.0-py3-none-any.whl.metadata (6.5 kB)
build	Install runtime pip deps	2025-09-24T06:38:02.8623262Z Collecting certifi>=2017.4.17 (from requests->-r backend/requirements.txt (line 13))
build	Install runtime pip deps	2025-09-24T06:38:02.8724347Z   Downloading certifi-2025.8.3-py3-none-any.whl.metadata (2.4 kB)
build	Install runtime pip deps	2025-09-24T06:38:02.9002444Z Collecting aiohappyeyeballs>=2.5.0 (from aiohttp->-r backend/requirements.txt (line 14))
build	Install runtime pip deps	2025-09-24T06:38:02.9110620Z   Downloading aiohappyeyeballs-2.6.1-py3-none-any.whl.metadata (5.9 kB)
build	Install runtime pip deps	2025-09-24T06:38:02.9305634Z Collecting aiosignal>=1.4.0 (from aiohttp->-r backend/requirements.txt (line 14))
build	Install runtime pip deps	2025-09-24T06:38:02.9404931Z   Downloading aiosignal-1.4.0-py3-none-any.whl.metadata (3.7 kB)
build	Install runtime pip deps	2025-09-24T06:38:02.9643413Z Collecting attrs>=17.3.0 (from aiohttp->-r backend/requirements.txt (line 14))
build	Install runtime pip deps	2025-09-24T06:38:02.9744296Z   Downloading attrs-25.3.0-py3-none-any.whl.metadata (10 kB)
build	Install runtime pip deps	2025-09-24T06:38:03.0510145Z Collecting frozenlist>=1.1.1 (from aiohttp->-r backend/requirements.txt (line 14))
build	Install runtime pip deps	2025-09-24T06:38:03.0614124Z   Downloading frozenlist-1.7.0-cp312-cp312-manylinux_2_5_x86_64.manylinux1_x86_64.manylinux_2_17_x86_64.manylinux2014_x86_64.whl.metadata (18 kB)
build	Install runtime pip deps	2025-09-24T06:38:03.2967014Z Collecting multidict<7.0,>=4.5 (from aiohttp->-r backend/requirements.txt (line 14))
build	Install runtime pip deps	2025-09-24T06:38:03.3071748Z   Downloading multidict-6.6.4-cp312-cp312-manylinux2014_x86_64.manylinux_2_17_x86_64.manylinux_2_28_x86_64.whl.metadata (5.3 kB)
build	Install runtime pip deps	2025-09-24T06:38:03.3582652Z Collecting propcache>=0.2.0 (from aiohttp->-r backend/requirements.txt (line 14))
build	Install runtime pip deps	2025-09-24T06:38:03.3683093Z   Downloading propcache-0.3.2-cp312-cp312-manylinux_2_17_x86_64.manylinux2014_x86_64.whl.metadata (12 kB)
build	Install runtime pip deps	2025-09-24T06:38:03.6139849Z Collecting yarl<2.0,>=1.17.0 (from aiohttp->-r backend/requirements.txt (line 14))
build	Install runtime pip deps	2025-09-24T06:38:03.6298562Z   Downloading yarl-1.20.1-cp312-cp312-manylinux_2_17_x86_64.manylinux2014_x86_64.whl.metadata (73 kB)
build	Install runtime pip deps	2025-09-24T06:38:03.6862727Z Collecting pycparser (from cffi>=2.0.0->cryptography->-r backend/requirements.txt (line 12))
build	Install runtime pip deps	2025-09-24T06:38:03.6982323Z   Downloading pycparser-2.23-py3-none-any.whl.metadata (993 bytes)
build	Install runtime pip deps	2025-09-24T06:38:04.1814771Z Collecting regex>=2024.9.11 (from dateparser->python-binance->-r backend/requirements.txt (line 10))
build	Install runtime pip deps	2025-09-24T06:38:04.1917553Z   Downloading regex-2025.9.18-cp312-cp312-manylinux2014_x86_64.manylinux_2_17_x86_64.manylinux_2_28_x86_64.whl.metadata (40 kB)
build	Install runtime pip deps	2025-09-24T06:38:04.2164748Z Collecting tzlocal>=0.2 (from dateparser->python-binance->-r backend/requirements.txt (line 10))
build	Install runtime pip deps	2025-09-24T06:38:04.2263163Z   Downloading tzlocal-5.3.1-py3-none-any.whl.metadata (7.6 kB)
build	Install runtime pip deps	2025-09-24T06:38:04.2528238Z Downloading fastapi-0.117.1-py3-none-any.whl (95 kB)
build	Install runtime pip deps	2025-09-24T06:38:04.2669936Z Downloading pydantic-2.11.9-py3-none-any.whl (444 kB)
build	Install runtime pip deps	2025-09-24T06:38:04.2906450Z Downloading pydantic_core-2.33.2-cp312-cp312-manylinux_2_17_x86_64.manylinux2014_x86_64.whl (2.0 MB)
build	Install runtime pip deps	2025-09-24T06:38:04.3146756Z    ━━━━━━━━━━━━━━━━━━━━━━━━━━━━━━━━━━━━━━━━ 2.0/2.0 MB 85.0 MB/s  0:00:00
build	Install runtime pip deps	2025-09-24T06:38:04.3246455Z Downloading starlette-0.48.0-py3-none-any.whl (73 kB)
build	Install runtime pip deps	2025-09-24T06:38:04.3374525Z Downloading anyio-4.11.0-py3-none-any.whl (109 kB)
build	Install runtime pip deps	2025-09-24T06:38:04.3501987Z Downloading uvicorn-0.37.0-py3-none-any.whl (67 kB)
build	Install runtime pip deps	2025-09-24T06:38:04.3647288Z Downloading sqlalchemy-2.0.43-cp312-cp312-manylinux_2_17_x86_64.manylinux2014_x86_64.whl (3.3 MB)
build	Install runtime pip deps	2025-09-24T06:38:04.3891287Z    ━━━━━━━━━━━━━━━━━━━━━━━━━━━━━━━━━━━━━━━━ 3.3/3.3 MB 149.9 MB/s  0:00:00
build	Install runtime pip deps	2025-09-24T06:38:04.3999965Z Downloading xgboost-3.0.5-py3-none-manylinux_2_28_x86_64.whl (94.9 MB)
build	Install runtime pip deps	2025-09-24T06:38:04.8310788Z    ━━━━━━━━━━━━━━━━━━━━━━━━━━━━━━━━━━━━━━━━ 94.9/94.9 MB 220.8 MB/s  0:00:00
build	Install runtime pip deps	2025-09-24T06:38:04.8415320Z Downloading pandas-2.3.2-cp312-cp312-manylinux_2_17_x86_64.manylinux2014_x86_64.whl (12.0 MB)
build	Install runtime pip deps	2025-09-24T06:38:04.9098272Z    ━━━━━━━━━━━━━━━━━━━━━━━━━━━━━━━━━━━━━━━━ 12.0/12.0 MB 180.4 MB/s  0:00:00
build	Install runtime pip deps	2025-09-24T06:38:04.9200258Z Downloading numpy-2.3.3-cp312-cp312-manylinux_2_27_x86_64.manylinux_2_28_x86_64.whl (16.6 MB)
build	Install runtime pip deps	2025-09-24T06:38:05.0453208Z    ━━━━━━━━━━━━━━━━━━━━━━━━━━━━━━━━━━━━━━━━ 16.6/16.6 MB 134.0 MB/s  0:00:00
build	Install runtime pip deps	2025-09-24T06:38:05.0613104Z Downloading scikit_learn-1.7.2-cp312-cp312-manylinux2014_x86_64.manylinux_2_17_x86_64.whl (9.5 MB)
build	Install runtime pip deps	2025-09-24T06:38:05.1242605Z    ━━━━━━━━━━━━━━━━━━━━━━━━━━━━━━━━━━━━━━━━ 9.5/9.5 MB 185.3 MB/s  0:00:00
build	Install runtime pip deps	2025-09-24T06:38:05.1369364Z Downloading matplotlib-3.10.6-cp312-cp312-manylinux2014_x86_64.manylinux_2_17_x86_64.whl (8.7 MB)
build	Install runtime pip deps	2025-09-24T06:38:05.1933113Z    ━━━━━━━━━━━━━━━━━━━━━━━━━━━━━━━━━━━━━━━━ 8.7/8.7 MB 157.4 MB/s  0:00:00
build	Install runtime pip deps	2025-09-24T06:38:05.2043374Z Downloading binance-0.3.70-py3-none-any.whl (854 kB)
build	Install runtime pip deps	2025-09-24T06:38:05.2128702Z    ━━━━━━━━━━━━━━━━━━━━━━━━━━━━━━━━━━━━━━━━ 854.6/854.6 kB 114.3 MB/s  0:00:00
build	Install runtime pip deps	2025-09-24T06:38:05.2240203Z Downloading python_binance-1.0.29-py2.py3-none-any.whl (130 kB)
build	Install runtime pip deps	2025-09-24T06:38:05.2363626Z Downloading python_dotenv-1.1.1-py3-none-any.whl (20 kB)
build	Install runtime pip deps	2025-09-24T06:38:05.2482432Z Downloading cryptography-46.0.1-cp311-abi3-manylinux_2_34_x86_64.whl (4.6 MB)
build	Install runtime pip deps	2025-09-24T06:38:05.2720751Z    ━━━━━━━━━━━━━━━━━━━━━━━━━━━━━━━━━━━━━━━━ 4.6/4.6 MB 206.5 MB/s  0:00:00
build	Install runtime pip deps	2025-09-24T06:38:05.2824697Z Downloading requests-2.32.5-py3-none-any.whl (64 kB)
build	Install runtime pip deps	2025-09-24T06:38:05.2977141Z Downloading charset_normalizer-3.4.3-cp312-cp312-manylinux2014_x86_64.manylinux_2_17_x86_64.manylinux_2_28_x86_64.whl (151 kB)
build	Install runtime pip deps	2025-09-24T06:38:05.3121535Z Downloading idna-3.10-py3-none-any.whl (70 kB)
build	Install runtime pip deps	2025-09-24T06:38:05.3252111Z Downloading urllib3-2.5.0-py3-none-any.whl (129 kB)
build	Install runtime pip deps	2025-09-24T06:38:05.3379063Z Downloading aiohttp-3.12.15-cp312-cp312-manylinux_2_17_x86_64.manylinux2014_x86_64.whl (1.7 MB)
build	Install runtime pip deps	2025-09-24T06:38:05.3490926Z    ━━━━━━━━━━━━━━━━━━━━━━━━━━━━━━━━━━━━━━━━ 1.7/1.7 MB 163.8 MB/s  0:00:00
build	Install runtime pip deps	2025-09-24T06:38:05.3677272Z Downloading multidict-6.6.4-cp312-cp312-manylinux2014_x86_64.manylinux_2_17_x86_64.manylinux_2_28_x86_64.whl (256 kB)
build	Install runtime pip deps	2025-09-24T06:38:05.3853412Z Downloading yarl-1.20.1-cp312-cp312-manylinux_2_17_x86_64.manylinux2014_x86_64.whl (355 kB)
build	Install runtime pip deps	2025-09-24T06:38:05.3998246Z Downloading aiohappyeyeballs-2.6.1-py3-none-any.whl (15 kB)
build	Install runtime pip deps	2025-09-24T06:38:05.4118696Z Downloading aiosignal-1.4.0-py3-none-any.whl (7.5 kB)
build	Install runtime pip deps	2025-09-24T06:38:05.4243663Z Downloading annotated_types-0.7.0-py3-none-any.whl (13 kB)
build	Install runtime pip deps	2025-09-24T06:38:05.4369382Z Downloading attrs-25.3.0-py3-none-any.whl (63 kB)
build	Install runtime pip deps	2025-09-24T06:38:05.4498150Z Downloading certifi-2025.8.3-py3-none-any.whl (161 kB)
build	Install runtime pip deps	2025-09-24T06:38:05.4635916Z Downloading cffi-2.0.0-cp312-cp312-manylinux2014_x86_64.manylinux_2_17_x86_64.whl (219 kB)
build	Install runtime pip deps	2025-09-24T06:38:05.4765279Z Downloading click-8.3.0-py3-none-any.whl (107 kB)
build	Install runtime pip deps	2025-09-24T06:38:05.4895483Z Downloading contourpy-1.3.3-cp312-cp312-manylinux_2_27_x86_64.manylinux_2_28_x86_64.whl (362 kB)
build	Install runtime pip deps	2025-09-24T06:38:05.5053399Z Downloading cycler-0.12.1-py3-none-any.whl (8.3 kB)
build	Install runtime pip deps	2025-09-24T06:38:05.5183128Z Downloading fonttools-4.60.0-cp312-cp312-manylinux1_x86_64.manylinux2014_x86_64.manylinux_2_17_x86_64.manylinux_2_5_x86_64.whl (4.9 MB)
build	Install runtime pip deps	2025-09-24T06:38:05.5626580Z    ━━━━━━━━━━━━━━━━━━━━━━━━━━━━━━━━━━━━━━━━ 4.9/4.9 MB 119.4 MB/s  0:00:00
build	Install runtime pip deps	2025-09-24T06:38:05.5730125Z Downloading frozenlist-1.7.0-cp312-cp312-manylinux_2_5_x86_64.manylinux1_x86_64.manylinux_2_17_x86_64.manylinux2014_x86_64.whl (241 kB)
build	Install runtime pip deps	2025-09-24T06:38:05.5859780Z Downloading greenlet-3.2.4-cp312-cp312-manylinux_2_24_x86_64.manylinux_2_28_x86_64.whl (607 kB)
build	Install runtime pip deps	2025-09-24T06:38:05.5930261Z    ━━━━━━━━━━━━━━━━━━━━━━━━━━━━━━━━━━━━━━━━ 607.6/607.6 kB 87.3 MB/s  0:00:00
build	Install runtime pip deps	2025-09-24T06:38:05.6080185Z Downloading h11-0.16.0-py3-none-any.whl (37 kB)
build	Install runtime pip deps	2025-09-24T06:38:05.6219143Z Downloading joblib-1.5.2-py3-none-any.whl (308 kB)
build	Install runtime pip deps	2025-09-24T06:38:05.6375064Z Downloading kiwisolver-1.4.9-cp312-cp312-manylinux2014_x86_64.manylinux_2_17_x86_64.whl (1.5 MB)
build	Install runtime pip deps	2025-09-24T06:38:05.6524182Z    ━━━━━━━━━━━━━━━━━━━━━━━━━━━━━━━━━━━━━━━━ 1.5/1.5 MB 107.5 MB/s  0:00:00
build	Install runtime pip deps	2025-09-24T06:38:05.6627206Z Downloading packaging-25.0-py3-none-any.whl (66 kB)
build	Install runtime pip deps	2025-09-24T06:38:05.6754233Z Downloading pillow-11.3.0-cp312-cp312-manylinux_2_27_x86_64.manylinux_2_28_x86_64.whl (6.6 MB)
build	Install runtime pip deps	2025-09-24T06:38:05.7198433Z    ━━━━━━━━━━━━━━━━━━━━━━━━━━━━━━━━━━━━━━━━ 6.6/6.6 MB 152.3 MB/s  0:00:00
build	Install runtime pip deps	2025-09-24T06:38:05.7304906Z Downloading propcache-0.3.2-cp312-cp312-manylinux_2_17_x86_64.manylinux2014_x86_64.whl (224 kB)
build	Install runtime pip deps	2025-09-24T06:38:05.7436220Z Downloading pyparsing-3.2.5-py3-none-any.whl (113 kB)
build	Install runtime pip deps	2025-09-24T06:38:05.7570885Z Downloading python_dateutil-2.9.0.post0-py2.py3-none-any.whl (229 kB)
build	Install runtime pip deps	2025-09-24T06:38:05.7696927Z Downloading pytz-2025.2-py2.py3-none-any.whl (509 kB)
build	Install runtime pip deps	2025-09-24T06:38:05.7855431Z Downloading scipy-1.16.2-cp312-cp312-manylinux2014_x86_64.manylinux_2_17_x86_64.whl (35.7 MB)
build	Install runtime pip deps	2025-09-24T06:38:05.9789451Z    ━━━━━━━━━━━━━━━━━━━━━━━━━━━━━━━━━━━━━━━━ 35.7/35.7 MB 186.4 MB/s  0:00:00
build	Install runtime pip deps	2025-09-24T06:38:05.9893492Z Downloading six-1.17.0-py2.py3-none-any.whl (11 kB)
build	Install runtime pip deps	2025-09-24T06:38:06.0022210Z Downloading sniffio-1.3.1-py3-none-any.whl (10 kB)
build	Install runtime pip deps	2025-09-24T06:38:06.0143185Z Downloading threadpoolctl-3.6.0-py3-none-any.whl (18 kB)
build	Install runtime pip deps	2025-09-24T06:38:06.0275764Z Downloading typing_extensions-4.15.0-py3-none-any.whl (44 kB)
build	Install runtime pip deps	2025-09-24T06:38:06.0399197Z Downloading typing_inspection-0.4.1-py3-none-any.whl (14 kB)
build	Install runtime pip deps	2025-09-24T06:38:06.0519347Z Downloading tzdata-2025.2-py2.py3-none-any.whl (347 kB)
build	Install runtime pip deps	2025-09-24T06:38:06.0678408Z Downloading dateparser-1.2.2-py3-none-any.whl (315 kB)
build	Install runtime pip deps	2025-09-24T06:38:06.0844093Z Downloading regex-2025.9.18-cp312-cp312-manylinux2014_x86_64.manylinux_2_17_x86_64.manylinux_2_28_x86_64.whl (802 kB)
build	Install runtime pip deps	2025-09-24T06:38:06.0950204Z    ━━━━━━━━━━━━━━━━━━━━━━━━━━━━━━━━━━━━━━━━ 802.0/802.0 kB 108.2 MB/s  0:00:00
build	Install runtime pip deps	2025-09-24T06:38:06.1051178Z Downloading tzlocal-5.3.1-py3-none-any.whl (18 kB)
build	Install runtime pip deps	2025-09-24T06:38:06.1177178Z Downloading nvidia_nccl_cu12-2.28.3-py3-none-manylinux_2_18_x86_64.whl (295.9 MB)
build	Install runtime pip deps	2025-09-24T06:38:08.0320392Z    ━━━━━━━━━━━━━━━━━━━━━━━━━━━━━━━━━━━━━━━━ 295.9/295.9 MB 146.7 MB/s  0:00:01
build	Install runtime pip deps	2025-09-24T06:38:08.0424180Z Downloading pycparser-2.23-py3-none-any.whl (118 kB)
build	Install runtime pip deps	2025-09-24T06:38:08.0561294Z Downloading pycryptodome-3.23.0-cp37-abi3-manylinux_2_17_x86_64.manylinux2014_x86_64.whl (2.3 MB)
build	Install runtime pip deps	2025-09-24T06:38:08.0738729Z    ━━━━━━━━━━━━━━━━━━━━━━━━━━━━━━━━━━━━━━━━ 2.3/2.3 MB 151.2 MB/s  0:00:00
build	Install runtime pip deps	2025-09-24T06:38:08.0839843Z Downloading websockets-15.0.1-cp312-cp312-manylinux_2_5_x86_64.manylinux1_x86_64.manylinux_2_17_x86_64.manylinux2014_x86_64.whl (182 kB)
build	Install runtime pip deps	2025-09-24T06:38:08.7109534Z Installing collected packages: pytz, websockets, urllib3, tzlocal, tzdata, typing-extensions, threadpoolctl, sniffio, six, regex, python-dotenv, pyparsing, pycryptodome, pycparser, propcache, pillow, packaging, nvidia-nccl-cu12, numpy, multidict, kiwisolver, joblib, idna, h11, greenlet, frozenlist, fonttools, cycler, click, charset_normalizer, certifi, binance, attrs, annotated-types, aiohappyeyeballs, yarl, uvicorn, typing-inspection, sqlalchemy, scipy, requests, python-dateutil, pydantic-core, contourpy, cffi, anyio, aiosignal, xgboost, starlette, scikit-learn, pydantic, pandas, matplotlib, dateparser, cryptography, aiohttp, python-binance, fastapi
build	Install runtime pip deps	2025-09-24T06:38:33.5283054Z 
build	Install runtime pip deps	2025-09-24T06:38:33.5341660Z Successfully installed aiohappyeyeballs-2.6.1 aiohttp-3.12.15 aiosignal-1.4.0 annotated-types-0.7.0 anyio-4.11.0 attrs-25.3.0 binance-0.3.70 certifi-2025.8.3 cffi-2.0.0 charset_normalizer-3.4.3 click-8.3.0 contourpy-1.3.3 cryptography-46.0.1 cycler-0.12.1 dateparser-1.2.2 fastapi-0.117.1 fonttools-4.60.0 frozenlist-1.7.0 greenlet-3.2.4 h11-0.16.0 idna-3.10 joblib-1.5.2 kiwisolver-1.4.9 matplotlib-3.10.6 multidict-6.6.4 numpy-2.3.3 nvidia-nccl-cu12-2.28.3 packaging-25.0 pandas-2.3.2 pillow-11.3.0 propcache-0.3.2 pycparser-2.23 pycryptodome-3.23.0 pydantic-2.11.9 pydantic-core-2.33.2 pyparsing-3.2.5 python-binance-1.0.29 python-dateutil-2.9.0.post0 python-dotenv-1.1.1 pytz-2025.2 regex-2025.9.18 requests-2.32.5 scikit-learn-1.7.2 scipy-1.16.2 six-1.17.0 sniffio-1.3.1 sqlalchemy-2.0.43 starlette-0.48.0 threadpoolctl-3.6.0 typing-extensions-4.15.0 typing-inspection-0.4.1 tzdata-2025.2 tzlocal-5.3.1 urllib3-2.5.0 uvicorn-0.37.0 websockets-15.0.1 xgboost-3.0.5 yarl-1.20.1
build	Diagnostic - pip list (after install)	﻿2025-09-24T06:38:34.3648320Z ##[group]Run python -m pip list --format=freeze | sort > pip-list-after.txt || true
build	Diagnostic - pip list (after install)	2025-09-24T06:38:34.3648888Z [36;1mpython -m pip list --format=freeze | sort > pip-list-after.txt || true[0m
build	Diagnostic - pip list (after install)	2025-09-24T06:38:34.3649290Z [36;1mecho "Wrote pip-list-after.txt"[0m
build	Diagnostic - pip list (after install)	2025-09-24T06:38:34.3649586Z [36;1mhead -n 50 pip-list-after.txt || true[0m
build	Diagnostic - pip list (after install)	2025-09-24T06:38:34.3681027Z shell: /usr/bin/bash --noprofile --norc -e -o pipefail {0}
build	Diagnostic - pip list (after install)	2025-09-24T06:38:34.3681332Z env:
build	Diagnostic - pip list (after install)	2025-09-24T06:38:34.3681565Z   pythonLocation: /opt/hostedtoolcache/Python/3.12.11/x64
build	Diagnostic - pip list (after install)	2025-09-24T06:38:34.3682083Z   PKG_CONFIG_PATH: /opt/hostedtoolcache/Python/3.12.11/x64/lib/pkgconfig
build	Diagnostic - pip list (after install)	2025-09-24T06:38:34.3682471Z   Python_ROOT_DIR: /opt/hostedtoolcache/Python/3.12.11/x64
build	Diagnostic - pip list (after install)	2025-09-24T06:38:34.3682809Z   Python2_ROOT_DIR: /opt/hostedtoolcache/Python/3.12.11/x64
build	Diagnostic - pip list (after install)	2025-09-24T06:38:34.3683150Z   Python3_ROOT_DIR: /opt/hostedtoolcache/Python/3.12.11/x64
build	Diagnostic - pip list (after install)	2025-09-24T06:38:34.3683483Z   LD_LIBRARY_PATH: /opt/hostedtoolcache/Python/3.12.11/x64/lib
build	Diagnostic - pip list (after install)	2025-09-24T06:38:34.3683805Z ##[endgroup]
build	Diagnostic - pip list (after install)	2025-09-24T06:38:34.6269969Z Wrote pip-list-after.txt
build	Diagnostic - pip list (after install)	2025-09-24T06:38:34.6280685Z SQLAlchemy==2.0.43
build	Diagnostic - pip list (after install)	2025-09-24T06:38:34.6281086Z aiohappyeyeballs==2.6.1
build	Diagnostic - pip list (after install)	2025-09-24T06:38:34.6281453Z aiohttp==3.12.15
build	Diagnostic - pip list (after install)	2025-09-24T06:38:34.6282184Z aiosignal==1.4.0
build	Diagnostic - pip list (after install)	2025-09-24T06:38:34.6282386Z annotated-types==0.7.0
build	Diagnostic - pip list (after install)	2025-09-24T06:38:34.6282581Z anyio==4.11.0
build	Diagnostic - pip list (after install)	2025-09-24T06:38:34.6282749Z attrs==25.3.0
build	Diagnostic - pip list (after install)	2025-09-24T06:38:34.6282915Z binance==0.3.70
build	Diagnostic - pip list (after install)	2025-09-24T06:38:34.6283076Z certifi==2025.8.3
build	Diagnostic - pip list (after install)	2025-09-24T06:38:34.6283242Z cffi==2.0.0
build	Diagnostic - pip list (after install)	2025-09-24T06:38:34.6283411Z charset-normalizer==3.4.3
build	Diagnostic - pip list (after install)	2025-09-24T06:38:34.6283609Z click==8.3.0
build	Diagnostic - pip list (after install)	2025-09-24T06:38:34.6283764Z contourpy==1.3.3
build	Diagnostic - pip list (after install)	2025-09-24T06:38:34.6283987Z cryptography==46.0.1
build	Diagnostic - pip list (after install)	2025-09-24T06:38:34.6284287Z cycler==0.12.1
build	Diagnostic - pip list (after install)	2025-09-24T06:38:34.6284591Z dateparser==1.2.2
build	Diagnostic - pip list (after install)	2025-09-24T06:38:34.6284874Z fastapi==0.117.1
build	Diagnostic - pip list (after install)	2025-09-24T06:38:34.6285153Z fonttools==4.60.0
build	Diagnostic - pip list (after install)	2025-09-24T06:38:34.6285428Z frozenlist==1.7.0
build	Diagnostic - pip list (after install)	2025-09-24T06:38:34.6285705Z greenlet==3.2.4
build	Diagnostic - pip list (after install)	2025-09-24T06:38:34.6285991Z h11==0.16.0
build	Diagnostic - pip list (after install)	2025-09-24T06:38:34.6286196Z idna==3.10
build	Diagnostic - pip list (after install)	2025-09-24T06:38:34.6286356Z joblib==1.5.2
build	Diagnostic - pip list (after install)	2025-09-24T06:38:34.6286512Z kiwisolver==1.4.9
build	Diagnostic - pip list (after install)	2025-09-24T06:38:34.6286684Z matplotlib==3.10.6
build	Diagnostic - pip list (after install)	2025-09-24T06:38:34.6286848Z multidict==6.6.4
build	Diagnostic - pip list (after install)	2025-09-24T06:38:34.6287019Z numpy==2.3.3
build	Diagnostic - pip list (after install)	2025-09-24T06:38:34.6287196Z nvidia-nccl-cu12==2.28.3
build	Diagnostic - pip list (after install)	2025-09-24T06:38:34.6287393Z packaging==25.0
build	Diagnostic - pip list (after install)	2025-09-24T06:38:34.6287567Z pandas==2.3.2
build	Diagnostic - pip list (after install)	2025-09-24T06:38:34.6287724Z pillow==11.3.0
build	Diagnostic - pip list (after install)	2025-09-24T06:38:34.6287885Z pip==25.2
build	Diagnostic - pip list (after install)	2025-09-24T06:38:34.6288039Z propcache==0.3.2
build	Diagnostic - pip list (after install)	2025-09-24T06:38:34.6288208Z pycparser==2.23
build	Diagnostic - pip list (after install)	2025-09-24T06:38:34.6288380Z pycryptodome==3.23.0
build	Diagnostic - pip list (after install)	2025-09-24T06:38:34.6288565Z pydantic==2.11.9
build	Diagnostic - pip list (after install)	2025-09-24T06:38:34.6288732Z pydantic_core==2.33.2
build	Diagnostic - pip list (after install)	2025-09-24T06:38:34.6288917Z pyparsing==3.2.5
build	Diagnostic - pip list (after install)	2025-09-24T06:38:34.6289096Z python-binance==1.0.29
build	Diagnostic - pip list (after install)	2025-09-24T06:38:34.6289292Z python-dateutil==2.9.0.post0
build	Diagnostic - pip list (after install)	2025-09-24T06:38:34.6289509Z python-dotenv==1.1.1
build	Diagnostic - pip list (after install)	2025-09-24T06:38:34.6289678Z pytz==2025.2
build	Diagnostic - pip list (after install)	2025-09-24T06:38:34.6289841Z regex==2025.9.18
build	Diagnostic - pip list (after install)	2025-09-24T06:38:34.6290002Z requests==2.32.5
build	Diagnostic - pip list (after install)	2025-09-24T06:38:34.6290169Z scikit-learn==1.7.2
build	Diagnostic - pip list (after install)	2025-09-24T06:38:34.6290336Z scipy==1.16.2
build	Diagnostic - pip list (after install)	2025-09-24T06:38:34.6290495Z six==1.17.0
build	Diagnostic - pip list (after install)	2025-09-24T06:38:34.6290644Z sniffio==1.3.1
build	Diagnostic - pip list (after install)	2025-09-24T06:38:34.6290811Z starlette==0.48.0
build	Diagnostic - pip list (after install)	2025-09-24T06:38:34.6290984Z threadpoolctl==3.6.0
build	Upload pip-list artifacts	﻿2025-09-24T06:38:34.6328719Z ##[group]Run actions/upload-artifact@v4
build	Upload pip-list artifacts	2025-09-24T06:38:34.6328994Z with:
build	Upload pip-list artifacts	2025-09-24T06:38:34.6329160Z   name: pip-lists-ci
build	Upload pip-list artifacts	2025-09-24T06:38:34.6329392Z   path: pip-list-before.txt
build	Upload pip-list artifacts	pip-list-after.txt
build	Upload pip-list artifacts	
build	Upload pip-list artifacts	2025-09-24T06:38:34.6329668Z   if-no-files-found: warn
build	Upload pip-list artifacts	2025-09-24T06:38:34.6329874Z   compression-level: 6
build	Upload pip-list artifacts	2025-09-24T06:38:34.6330057Z   overwrite: false
build	Upload pip-list artifacts	2025-09-24T06:38:34.6330239Z   include-hidden-files: false
build	Upload pip-list artifacts	2025-09-24T06:38:34.6330438Z env:
build	Upload pip-list artifacts	2025-09-24T06:38:34.6330654Z   pythonLocation: /opt/hostedtoolcache/Python/3.12.11/x64
build	Upload pip-list artifacts	2025-09-24T06:38:34.6331057Z   PKG_CONFIG_PATH: /opt/hostedtoolcache/Python/3.12.11/x64/lib/pkgconfig
build	Upload pip-list artifacts	2025-09-24T06:38:34.6331435Z   Python_ROOT_DIR: /opt/hostedtoolcache/Python/3.12.11/x64
build	Upload pip-list artifacts	2025-09-24T06:38:34.6331773Z   Python2_ROOT_DIR: /opt/hostedtoolcache/Python/3.12.11/x64
build	Upload pip-list artifacts	2025-09-24T06:38:34.6332423Z   Python3_ROOT_DIR: /opt/hostedtoolcache/Python/3.12.11/x64
build	Upload pip-list artifacts	2025-09-24T06:38:34.6332832Z   LD_LIBRARY_PATH: /opt/hostedtoolcache/Python/3.12.11/x64/lib
build	Upload pip-list artifacts	2025-09-24T06:38:34.6333155Z ##[endgroup]
build	Upload pip-list artifacts	2025-09-24T06:38:34.8502007Z Multiple search paths detected. Calculating the least common ancestor of all paths
build	Upload pip-list artifacts	2025-09-24T06:38:34.8505542Z The least common ancestor is /home/runner/work/quantum_trader/quantum_trader. This will be the root directory of the artifact
build	Upload pip-list artifacts	2025-09-24T06:38:34.8506725Z With the provided path, there will be 2 files uploaded
build	Upload pip-list artifacts	2025-09-24T06:38:34.8512083Z Artifact name is valid!
build	Upload pip-list artifacts	2025-09-24T06:38:34.8513840Z Root directory input is valid!
build	Upload pip-list artifacts	2025-09-24T06:38:35.1098429Z Beginning upload of artifact content to blob storage
build	Upload pip-list artifacts	2025-09-24T06:38:35.4293072Z Uploaded bytes 875
build	Upload pip-list artifacts	2025-09-24T06:38:35.5119846Z Finished uploading artifact content to blob storage!
build	Upload pip-list artifacts	2025-09-24T06:38:35.5123621Z SHA256 digest of uploaded artifact zip is 93e4c0382955a5093575e9ac65f00a0fe244041969b55614080aee623ef297af
build	Upload pip-list artifacts	2025-09-24T06:38:35.5125910Z Finalizing artifact upload
build	Upload pip-list artifacts	2025-09-24T06:38:35.6602536Z Artifact pip-lists-ci.zip successfully finalized. Artifact ID 4090537142
build	Upload pip-list artifacts	2025-09-24T06:38:35.6603910Z Artifact pip-lists-ci has been successfully uploaded! Final size is 875 bytes. Artifact ID is 4090537142
build	Upload pip-list artifacts	2025-09-24T06:38:35.6611188Z Artifact download URL: https://github.com/binyaminsemerci-ops/quantum_trader/actions/runs/17968536820/artifacts/4090537142
build	Install Node.js (for frontend audit)	﻿2025-09-24T06:38:35.6738946Z ##[group]Run actions/setup-node@v4
build	Install Node.js (for frontend audit)	2025-09-24T06:38:35.6739212Z with:
build	Install Node.js (for frontend audit)	2025-09-24T06:38:35.6739391Z   node-version: 18
build	Install Node.js (for frontend audit)	2025-09-24T06:38:35.6739590Z   always-auth: false
build	Install Node.js (for frontend audit)	2025-09-24T06:38:35.6739780Z   check-latest: false
build	Install Node.js (for frontend audit)	2025-09-24T06:38:35.6740081Z   token: ***
build	Install Node.js (for frontend audit)	2025-09-24T06:38:35.6740262Z env:
build	Install Node.js (for frontend audit)	2025-09-24T06:38:35.6740508Z   pythonLocation: /opt/hostedtoolcache/Python/3.12.11/x64
build	Install Node.js (for frontend audit)	2025-09-24T06:38:35.6740920Z   PKG_CONFIG_PATH: /opt/hostedtoolcache/Python/3.12.11/x64/lib/pkgconfig
build	Install Node.js (for frontend audit)	2025-09-24T06:38:35.6741319Z   Python_ROOT_DIR: /opt/hostedtoolcache/Python/3.12.11/x64
build	Install Node.js (for frontend audit)	2025-09-24T06:38:35.6741675Z   Python2_ROOT_DIR: /opt/hostedtoolcache/Python/3.12.11/x64
build	Install Node.js (for frontend audit)	2025-09-24T06:38:35.6742308Z   Python3_ROOT_DIR: /opt/hostedtoolcache/Python/3.12.11/x64
build	Install Node.js (for frontend audit)	2025-09-24T06:38:35.6742668Z   LD_LIBRARY_PATH: /opt/hostedtoolcache/Python/3.12.11/x64/lib
build	Install Node.js (for frontend audit)	2025-09-24T06:38:35.6742969Z ##[endgroup]
build	Install Node.js (for frontend audit)	2025-09-24T06:38:35.8498184Z Found in cache @ /opt/hostedtoolcache/node/18.20.8/x64
build	Install Node.js (for frontend audit)	2025-09-24T06:38:35.8506672Z ##[group]Environment details
build	Install Node.js (for frontend audit)	2025-09-24T06:38:36.3189604Z node: v18.20.8
build	Install Node.js (for frontend audit)	2025-09-24T06:38:36.3189924Z npm: 10.8.2
build	Install Node.js (for frontend audit)	2025-09-24T06:38:36.3190183Z yarn: 1.22.22
build	Install Node.js (for frontend audit)	2025-09-24T06:38:36.3190738Z ##[endgroup]
build	Install linters and security tools	﻿2025-09-24T06:38:36.3297610Z ##[group]Run # Install only linters and security scanners into an isolated virtualenv
build	Install linters and security tools	2025-09-24T06:38:36.3298225Z [36;1m# Install only linters and security scanners into an isolated virtualenv[0m
build	Install linters and security tools	2025-09-24T06:38:36.3298711Z [36;1m# so the shared runtime environment remains free of test-only packages[0m
build	Install linters and security tools	2025-09-24T06:38:36.3299137Z [36;1m# when we check for dev-only packages installed in runtime.[0m
build	Install linters and security tools	2025-09-24T06:38:36.3299502Z [36;1mpython -m pip install --upgrade pip[0m
build	Install linters and security tools	2025-09-24T06:38:36.3299832Z [36;1m# Create the venv that will host linters/security tools.[0m
build	Install linters and security tools	2025-09-24T06:38:36.3300226Z [36;1m# Use --system-site-packages so the venv can see the runtime[0m
build	Install linters and security tools	2025-09-24T06:38:36.3300623Z [36;1m# packages we installed earlier in the job. This lets mypy (and[0m
build	Install linters and security tools	2025-09-24T06:38:36.3301035Z [36;1m# other tools) import application packages without installing[0m
build	Install linters and security tools	2025-09-24T06:38:36.3301448Z [36;1m# runtime deps into the venv and avoids false "import-not-found"[0m
build	Install linters and security tools	2025-09-24T06:38:36.3301776Z [36;1m# errors.[0m
build	Install linters and security tools	2025-09-24T06:38:36.3302420Z [36;1mpython -m venv .venv_linters --system-site-packages[0m
build	Install linters and security tools	2025-09-24T06:38:36.3302817Z [36;1m# Use the venv's pip to install tools (this keeps their deps out of[0m
build	Install linters and security tools	2025-09-24T06:38:36.3303167Z [36;1m# the runner's global site-packages).[0m
build	Install linters and security tools	2025-09-24T06:38:36.3303476Z [36;1m.venv_linters/bin/pip install --upgrade pip[0m
build	Install linters and security tools	2025-09-24T06:38:36.3303831Z [36;1m.venv_linters/bin/pip install ruff mypy black bandit safety[0m
build	Install linters and security tools	2025-09-24T06:38:36.3304233Z [36;1m# Install common third-party type stubs so mypy can analyze[0m
build	Install linters and security tools	2025-09-24T06:38:36.3304635Z [36;1m# requests, pandas and sklearn without spurious "library stubs[0m
build	Install linters and security tools	2025-09-24T06:38:36.3305036Z [36;1m# not installed" errors. Also install pytest into the linters[0m
build	Install linters and security tools	2025-09-24T06:38:36.3305423Z [36;1m# venv so mypy can import test packages when we run the[0m
build	Install linters and security tools	2025-09-24T06:38:36.3305734Z [36;1m# post-test mypy check.[0m
build	Install linters and security tools	2025-09-24T06:38:36.3306219Z [36;1m.venv_linters/bin/pip install types-requests pandas-stubs scikit-learn-stubs types-python-dateutil pytest[0m
build	Install linters and security tools	2025-09-24T06:38:36.3306778Z [36;1m# Put the venv on PATH using the supported environment file so[0m
build	Install linters and security tools	2025-09-24T06:38:36.3307153Z [36;1m# subsequent steps can invoke the tools by name.[0m
build	Install linters and security tools	2025-09-24T06:38:36.3307620Z [36;1mecho "/home/runner/work/quantum_trader/quantum_trader/.venv_linters/bin" >> $GITHUB_PATH[0m
build	Install linters and security tools	2025-09-24T06:38:36.3308334Z [36;1m# Debug: print installed stub packages and verify import specs so[0m
build	Install linters and security tools	2025-09-24T06:38:36.3308721Z [36;1m# we can confirm mypy will be able to find them in CI.[0m
build	Install linters and security tools	2025-09-24T06:38:36.3309266Z [36;1m.venv_linters/bin/pip show types-requests pandas-stubs scikit-learn-stubs types-python-dateutil pytest || true[0m
build	Install linters and security tools	2025-09-24T06:38:36.3310079Z [36;1m.venv_linters/bin/pip list --format=columns | grep -E 'types-requests|pandas-stubs|scikit-learn-stubs|types-python-dateutil|pytest' || true[0m
build	Install linters and security tools	2025-09-24T06:38:36.3310922Z [36;1m.venv_linters/bin/python -c "import sys; print('venv python:', sys.executable); print('sys.path:'); print('\\n'.join(sys.path))"[0m
build	Install linters and security tools	2025-09-24T06:38:36.3311488Z [36;1m.venv_linters/bin/python - <<'PY'[0m
build	Install linters and security tools	2025-09-24T06:38:36.3311747Z [36;1mimport importlib.util[0m
build	Install linters and security tools	2025-09-24T06:38:36.3312434Z [36;1mnames = ['requests','types_requests','pandas','sklearn','pytest'][0m
build	Install linters and security tools	2025-09-24T06:38:36.3312774Z [36;1mfor n in names:[0m
build	Install linters and security tools	2025-09-24T06:38:36.3313003Z [36;1m    spec = importlib.util.find_spec(n)[0m
build	Install linters and security tools	2025-09-24T06:38:36.3313283Z [36;1m    print(f"spec({n}):", spec)[0m
build	Install linters and security tools	2025-09-24T06:38:36.3313516Z [36;1mPY[0m
build	Install linters and security tools	2025-09-24T06:38:36.3354323Z shell: /usr/bin/bash -e {0}
build	Install linters and security tools	2025-09-24T06:38:36.3354561Z env:
build	Install linters and security tools	2025-09-24T06:38:36.3354810Z   pythonLocation: /opt/hostedtoolcache/Python/3.12.11/x64
build	Install linters and security tools	2025-09-24T06:38:36.3355249Z   PKG_CONFIG_PATH: /opt/hostedtoolcache/Python/3.12.11/x64/lib/pkgconfig
build	Install linters and security tools	2025-09-24T06:38:36.3355645Z   Python_ROOT_DIR: /opt/hostedtoolcache/Python/3.12.11/x64
build	Install linters and security tools	2025-09-24T06:38:36.3355994Z   Python2_ROOT_DIR: /opt/hostedtoolcache/Python/3.12.11/x64
build	Install linters and security tools	2025-09-24T06:38:36.3356528Z   Python3_ROOT_DIR: /opt/hostedtoolcache/Python/3.12.11/x64
build	Install linters and security tools	2025-09-24T06:38:36.3356901Z   LD_LIBRARY_PATH: /opt/hostedtoolcache/Python/3.12.11/x64/lib
build	Install linters and security tools	2025-09-24T06:38:36.3357197Z ##[endgroup]
build	Install linters and security tools	2025-09-24T06:38:37.1817387Z Requirement already satisfied: pip in /opt/hostedtoolcache/Python/3.12.11/x64/lib/python3.12/site-packages (25.2)
build	Install linters and security tools	2025-09-24T06:38:41.6647682Z Requirement already satisfied: pip in ./.venv_linters/lib/python3.12/site-packages (25.0.1)
build	Install linters and security tools	2025-09-24T06:38:41.7478071Z Collecting pip
build	Install linters and security tools	2025-09-24T06:38:41.8216393Z   Downloading pip-25.2-py3-none-any.whl.metadata (4.7 kB)
build	Install linters and security tools	2025-09-24T06:38:41.8358290Z Downloading pip-25.2-py3-none-any.whl (1.8 MB)
build	Install linters and security tools	2025-09-24T06:38:41.9792862Z    ━━━━━━━━━━━━━━━━━━━━━━━━━━━━━━━━━━━━━━━━ 1.8/1.8 MB 13.8 MB/s eta 0:00:00
build	Install linters and security tools	2025-09-24T06:38:42.0847621Z Installing collected packages: pip
build	Install linters and security tools	2025-09-24T06:38:42.0848670Z   Attempting uninstall: pip
build	Install linters and security tools	2025-09-24T06:38:42.0872041Z     Found existing installation: pip 25.0.1
build	Install linters and security tools	2025-09-24T06:38:42.1247205Z     Uninstalling pip-25.0.1:
build	Install linters and security tools	2025-09-24T06:38:42.1305099Z       Successfully uninstalled pip-25.0.1
build	Install linters and security tools	2025-09-24T06:38:43.0217051Z Successfully installed pip-25.2
build	Install linters and security tools	2025-09-24T06:38:44.4591201Z Collecting ruff
build	Install linters and security tools	2025-09-24T06:38:44.5155708Z   Downloading ruff-0.13.1-py3-none-manylinux_2_17_x86_64.manylinux2014_x86_64.whl.metadata (25 kB)
build	Install linters and security tools	2025-09-24T06:38:44.6294883Z Collecting mypy
build	Install linters and security tools	2025-09-24T06:38:44.6406140Z   Downloading mypy-1.18.2-cp312-cp312-manylinux2014_x86_64.manylinux_2_17_x86_64.manylinux_2_28_x86_64.whl.metadata (2.2 kB)
build	Install linters and security tools	2025-09-24T06:38:44.6942873Z Collecting black
build	Install linters and security tools	2025-09-24T06:38:44.7046039Z   Downloading black-25.9.0-cp312-cp312-manylinux_2_17_x86_64.manylinux2014_x86_64.manylinux_2_28_x86_64.whl.metadata (83 kB)
build	Install linters and security tools	2025-09-24T06:38:44.7460509Z Collecting bandit
build	Install linters and security tools	2025-09-24T06:38:44.7575742Z   Downloading bandit-1.8.6-py3-none-any.whl.metadata (6.9 kB)
build	Install linters and security tools	2025-09-24T06:38:44.7935679Z Collecting safety
build	Install linters and security tools	2025-09-24T06:38:44.8062286Z   Downloading safety-3.6.1-py3-none-any.whl.metadata (11 kB)
build	Install linters and security tools	2025-09-24T06:38:44.8125747Z Requirement already satisfied: typing_extensions>=4.6.0 in /opt/hostedtoolcache/Python/3.12.11/x64/lib/python3.12/site-packages (from mypy) (4.15.0)
build	Install linters and security tools	2025-09-24T06:38:44.8294209Z Collecting mypy_extensions>=1.0.0 (from mypy)
build	Install linters and security tools	2025-09-24T06:38:44.8394167Z   Downloading mypy_extensions-1.1.0-py3-none-any.whl.metadata (1.1 kB)
build	Install linters and security tools	2025-09-24T06:38:44.8591356Z Collecting pathspec>=0.9.0 (from mypy)
build	Install linters and security tools	2025-09-24T06:38:44.8691258Z   Downloading pathspec-0.12.1-py3-none-any.whl.metadata (21 kB)
build	Install linters and security tools	2025-09-24T06:38:44.8746671Z Requirement already satisfied: click>=8.0.0 in /opt/hostedtoolcache/Python/3.12.11/x64/lib/python3.12/site-packages (from black) (8.3.0)
build	Install linters and security tools	2025-09-24T06:38:44.8759984Z Requirement already satisfied: packaging>=22.0 in /opt/hostedtoolcache/Python/3.12.11/x64/lib/python3.12/site-packages (from black) (25.0)
build	Install linters and security tools	2025-09-24T06:38:44.8983606Z Collecting platformdirs>=2 (from black)
build	Install linters and security tools	2025-09-24T06:38:44.9082598Z   Downloading platformdirs-4.4.0-py3-none-any.whl.metadata (12 kB)
build	Install linters and security tools	2025-09-24T06:38:44.9418811Z Collecting pytokens>=0.1.10 (from black)
build	Install linters and security tools	2025-09-24T06:38:44.9516048Z   Downloading pytokens-0.1.10-py3-none-any.whl.metadata (2.0 kB)
build	Install linters and security tools	2025-09-24T06:38:44.9981004Z Collecting PyYAML>=5.3.1 (from bandit)
build	Install linters and security tools	2025-09-24T06:38:45.0088164Z   Downloading PyYAML-6.0.2-cp312-cp312-manylinux_2_17_x86_64.manylinux2014_x86_64.whl.metadata (2.1 kB)
build	Install linters and security tools	2025-09-24T06:38:45.0392138Z Collecting stevedore>=1.20.0 (from bandit)
build	Install linters and security tools	2025-09-24T06:38:45.0492934Z   Downloading stevedore-5.5.0-py3-none-any.whl.metadata (2.2 kB)
build	Install linters and security tools	2025-09-24T06:38:45.0986119Z Collecting rich (from bandit)
build	Install linters and security tools	2025-09-24T06:38:45.1091250Z   Downloading rich-14.1.0-py3-none-any.whl.metadata (18 kB)
build	Install linters and security tools	2025-09-24T06:38:45.1381131Z Collecting authlib>=1.2.0 (from safety)
build	Install linters and security tools	2025-09-24T06:38:45.1488449Z   Downloading authlib-1.6.4-py2.py3-none-any.whl.metadata (9.8 kB)
build	Install linters and security tools	2025-09-24T06:38:45.1686703Z Collecting dparse>=0.6.4 (from safety)
build	Install linters and security tools	2025-09-24T06:38:45.1797993Z   Downloading dparse-0.6.4-py3-none-any.whl.metadata (5.5 kB)
build	Install linters and security tools	2025-09-24T06:38:45.2086713Z Collecting filelock<4.0,>=3.16.1 (from safety)
build	Install linters and security tools	2025-09-24T06:38:45.2189477Z   Downloading filelock-3.19.1-py3-none-any.whl.metadata (2.1 kB)
build	Install linters and security tools	2025-09-24T06:38:45.2461353Z Collecting httpx (from safety)
build	Install linters and security tools	2025-09-24T06:38:45.2563805Z   Downloading httpx-0.28.1-py3-none-any.whl.metadata (7.1 kB)
build	Install linters and security tools	2025-09-24T06:38:45.2808875Z Collecting jinja2>=3.1.0 (from safety)
build	Install linters and security tools	2025-09-24T06:38:45.2908040Z   Downloading jinja2-3.1.6-py3-none-any.whl.metadata (2.9 kB)
build	Install linters and security tools	2025-09-24T06:38:45.3358146Z Collecting marshmallow>=3.15.0 (from safety)
build	Install linters and security tools	2025-09-24T06:38:45.3467064Z   Downloading marshmallow-4.0.1-py3-none-any.whl.metadata (7.4 kB)
build	Install linters and security tools	2025-09-24T06:38:45.3742268Z Collecting nltk>=3.9 (from safety)
build	Install linters and security tools	2025-09-24T06:38:45.3840770Z   Downloading nltk-3.9.1-py3-none-any.whl.metadata (2.9 kB)
build	Install linters and security tools	2025-09-24T06:38:45.4590439Z Collecting psutil<8.0,>=6.1.0 (from safety)
build	Install linters and security tools	2025-09-24T06:38:45.4696328Z   Downloading psutil-7.1.0-cp36-abi3-manylinux_2_12_x86_64.manylinux2010_x86_64.manylinux_2_17_x86_64.manylinux2014_x86_64.whl.metadata (23 kB)
build	Install linters and security tools	2025-09-24T06:38:45.6126788Z Collecting pydantic<2.10.0,>=2.6.0 (from safety)
build	Install linters and security tools	2025-09-24T06:38:45.6232076Z   Downloading pydantic-2.9.2-py3-none-any.whl.metadata (149 kB)
build	Install linters and security tools	2025-09-24T06:38:45.6417907Z Requirement already satisfied: requests in /opt/hostedtoolcache/Python/3.12.11/x64/lib/python3.12/site-packages (from safety) (2.32.5)
build	Install linters and security tools	2025-09-24T06:38:45.7876672Z Collecting ruamel-yaml>=0.17.21 (from safety)
build	Install linters and security tools	2025-09-24T06:38:45.7979712Z   Downloading ruamel.yaml-0.18.15-py3-none-any.whl.metadata (25 kB)
build	Install linters and security tools	2025-09-24T06:38:45.8214711Z Collecting safety-schemas==0.0.14 (from safety)
build	Install linters and security tools	2025-09-24T06:38:45.8343017Z   Downloading safety_schemas-0.0.14-py3-none-any.whl.metadata (1.1 kB)
build	Install linters and security tools	2025-09-24T06:38:45.9605162Z Collecting setuptools>=65.5.1 (from safety)
build	Install linters and security tools	2025-09-24T06:38:45.9776482Z   Downloading setuptools-80.9.0-py3-none-any.whl.metadata (6.6 kB)
build	Install linters and security tools	2025-09-24T06:38:46.0099470Z Collecting tenacity (from safety)
build	Install linters and security tools	2025-09-24T06:38:46.0230166Z   Downloading tenacity-9.1.2-py3-none-any.whl.metadata (1.2 kB)
build	Install linters and security tools	2025-09-24T06:38:46.0512421Z Collecting tomlkit (from safety)
build	Install linters and security tools	2025-09-24T06:38:46.0612675Z   Downloading tomlkit-0.13.3-py3-none-any.whl.metadata (2.8 kB)
build	Install linters and security tools	2025-09-24T06:38:46.0882530Z Collecting typer>=0.16.0 (from safety)
build	Install linters and security tools	2025-09-24T06:38:46.0990908Z   Downloading typer-0.19.2-py3-none-any.whl.metadata (16 kB)
build	Install linters and security tools	2025-09-24T06:38:46.1088054Z Requirement already satisfied: annotated-types>=0.6.0 in /opt/hostedtoolcache/Python/3.12.11/x64/lib/python3.12/site-packages (from pydantic<2.10.0,>=2.6.0->safety) (0.7.0)
build	Install linters and security tools	2025-09-24T06:38:46.7681589Z Collecting pydantic-core==2.23.4 (from pydantic<2.10.0,>=2.6.0->safety)
build	Install linters and security tools	2025-09-24T06:38:46.7793081Z   Downloading pydantic_core-2.23.4-cp312-cp312-manylinux_2_17_x86_64.manylinux2014_x86_64.whl.metadata (6.6 kB)
build	Install linters and security tools	2025-09-24T06:38:46.7870135Z Requirement already satisfied: cryptography in /opt/hostedtoolcache/Python/3.12.11/x64/lib/python3.12/site-packages (from authlib>=1.2.0->safety) (46.0.1)
build	Install linters and security tools	2025-09-24T06:38:46.8431393Z Collecting MarkupSafe>=2.0 (from jinja2>=3.1.0->safety)
build	Install linters and security tools	2025-09-24T06:38:46.8535250Z   Downloading MarkupSafe-3.0.2-cp312-cp312-manylinux_2_17_x86_64.manylinux2014_x86_64.whl.metadata (4.0 kB)
build	Install linters and security tools	2025-09-24T06:38:46.8613290Z Requirement already satisfied: joblib in /opt/hostedtoolcache/Python/3.12.11/x64/lib/python3.12/site-packages (from nltk>=3.9->safety) (1.5.2)
build	Install linters and security tools	2025-09-24T06:38:46.8618505Z Requirement already satisfied: regex>=2021.8.3 in /opt/hostedtoolcache/Python/3.12.11/x64/lib/python3.12/site-packages (from nltk>=3.9->safety) (2025.9.18)
build	Install linters and security tools	2025-09-24T06:38:46.9002608Z Collecting tqdm (from nltk>=3.9->safety)
build	Install linters and security tools	2025-09-24T06:38:46.9106247Z   Downloading tqdm-4.67.1-py3-none-any.whl.metadata (57 kB)
build	Install linters and security tools	2025-09-24T06:38:46.9647670Z Collecting ruamel.yaml.clib>=0.2.7 (from ruamel-yaml>=0.17.21->safety)
build	Install linters and security tools	2025-09-24T06:38:46.9750326Z   Downloading ruamel.yaml.clib-0.2.14-cp312-cp312-manylinux_2_17_x86_64.manylinux2014_x86_64.whl.metadata (3.0 kB)
build	Install linters and security tools	2025-09-24T06:38:47.0009503Z Collecting shellingham>=1.3.0 (from typer>=0.16.0->safety)
build	Install linters and security tools	2025-09-24T06:38:47.0112980Z   Downloading shellingham-1.5.4-py2.py3-none-any.whl.metadata (3.5 kB)
build	Install linters and security tools	2025-09-24T06:38:47.0513460Z Collecting markdown-it-py>=2.2.0 (from rich->bandit)
build	Install linters and security tools	2025-09-24T06:38:47.0619554Z   Downloading markdown_it_py-4.0.0-py3-none-any.whl.metadata (7.3 kB)
build	Install linters and security tools	2025-09-24T06:38:47.0933561Z Collecting pygments<3.0.0,>=2.13.0 (from rich->bandit)
build	Install linters and security tools	2025-09-24T06:38:47.1036360Z   Downloading pygments-2.19.2-py3-none-any.whl.metadata (2.5 kB)
build	Install linters and security tools	2025-09-24T06:38:47.1225787Z Collecting mdurl~=0.1 (from markdown-it-py>=2.2.0->rich->bandit)
build	Install linters and security tools	2025-09-24T06:38:47.1327301Z   Downloading mdurl-0.1.2-py3-none-any.whl.metadata (1.6 kB)
build	Install linters and security tools	2025-09-24T06:38:47.1411731Z Requirement already satisfied: cffi>=2.0.0 in /opt/hostedtoolcache/Python/3.12.11/x64/lib/python3.12/site-packages (from cryptography->authlib>=1.2.0->safety) (2.0.0)
build	Install linters and security tools	2025-09-24T06:38:47.1450227Z Requirement already satisfied: pycparser in /opt/hostedtoolcache/Python/3.12.11/x64/lib/python3.12/site-packages (from cffi>=2.0.0->cryptography->authlib>=1.2.0->safety) (2.23)
build	Install linters and security tools	2025-09-24T06:38:47.1467320Z Requirement already satisfied: anyio in /opt/hostedtoolcache/Python/3.12.11/x64/lib/python3.12/site-packages (from httpx->safety) (4.11.0)
build	Install linters and security tools	2025-09-24T06:38:47.1471591Z Requirement already satisfied: certifi in /opt/hostedtoolcache/Python/3.12.11/x64/lib/python3.12/site-packages (from httpx->safety) (2025.8.3)
build	Install linters and security tools	2025-09-24T06:38:47.1758413Z Collecting httpcore==1.* (from httpx->safety)
build	Install linters and security tools	2025-09-24T06:38:47.1858722Z   Downloading httpcore-1.0.9-py3-none-any.whl.metadata (21 kB)
build	Install linters and security tools	2025-09-24T06:38:47.1920737Z Requirement already satisfied: idna in /opt/hostedtoolcache/Python/3.12.11/x64/lib/python3.12/site-packages (from httpx->safety) (3.10)
build	Install linters and security tools	2025-09-24T06:38:47.1939928Z Requirement already satisfied: h11>=0.16 in /opt/hostedtoolcache/Python/3.12.11/x64/lib/python3.12/site-packages (from httpcore==1.*->httpx->safety) (0.16.0)
build	Install linters and security tools	2025-09-24T06:38:47.1966540Z Requirement already satisfied: sniffio>=1.1 in /opt/hostedtoolcache/Python/3.12.11/x64/lib/python3.12/site-packages (from anyio->httpx->safety) (1.3.1)
build	Install linters and security tools	2025-09-24T06:38:47.2042197Z Requirement already satisfied: charset_normalizer<4,>=2 in /opt/hostedtoolcache/Python/3.12.11/x64/lib/python3.12/site-packages (from requests->safety) (3.4.3)
build	Install linters and security tools	2025-09-24T06:38:47.2050848Z Requirement already satisfied: urllib3<3,>=1.21.1 in /opt/hostedtoolcache/Python/3.12.11/x64/lib/python3.12/site-packages (from requests->safety) (2.5.0)
build	Install linters and security tools	2025-09-24T06:38:47.2241208Z Downloading ruff-0.13.1-py3-none-manylinux_2_17_x86_64.manylinux2014_x86_64.whl (13.2 MB)
build	Install linters and security tools	2025-09-24T06:38:47.3410768Z    ━━━━━━━━━━━━━━━━━━━━━━━━━━━━━━━━━━━━━━━━ 13.2/13.2 MB 115.8 MB/s  0:00:00
build	Install linters and security tools	2025-09-24T06:38:47.3515447Z Downloading mypy-1.18.2-cp312-cp312-manylinux2014_x86_64.manylinux_2_17_x86_64.manylinux_2_28_x86_64.whl (13.3 MB)
build	Install linters and security tools	2025-09-24T06:38:47.4139647Z    ━━━━━━━━━━━━━━━━━━━━━━━━━━━━━━━━━━━━━━━━ 13.3/13.3 MB 218.5 MB/s  0:00:00
build	Install linters and security tools	2025-09-24T06:38:47.4243921Z Downloading black-25.9.0-cp312-cp312-manylinux_2_17_x86_64.manylinux2014_x86_64.manylinux_2_28_x86_64.whl (1.7 MB)
build	Install linters and security tools	2025-09-24T06:38:47.4434677Z    ━━━━━━━━━━━━━━━━━━━━━━━━━━━━━━━━━━━━━━━━ 1.7/1.7 MB 88.4 MB/s  0:00:00
build	Install linters and security tools	2025-09-24T06:38:47.4548194Z Downloading bandit-1.8.6-py3-none-any.whl (133 kB)
build	Install linters and security tools	2025-09-24T06:38:47.4700487Z Downloading safety-3.6.1-py3-none-any.whl (286 kB)
build	Install linters and security tools	2025-09-24T06:38:47.4860268Z Downloading safety_schemas-0.0.14-py3-none-any.whl (39 kB)
build	Install linters and security tools	2025-09-24T06:38:47.4986502Z Downloading filelock-3.19.1-py3-none-any.whl (15 kB)
build	Install linters and security tools	2025-09-24T06:38:47.5118273Z Downloading psutil-7.1.0-cp36-abi3-manylinux_2_12_x86_64.manylinux2010_x86_64.manylinux_2_17_x86_64.manylinux2014_x86_64.whl (291 kB)
build	Install linters and security tools	2025-09-24T06:38:47.5275107Z Downloading pydantic-2.9.2-py3-none-any.whl (434 kB)
build	Install linters and security tools	2025-09-24T06:38:47.5458099Z Downloading pydantic_core-2.23.4-cp312-cp312-manylinux_2_17_x86_64.manylinux2014_x86_64.whl (2.1 MB)
build	Install linters and security tools	2025-09-24T06:38:47.5594917Z    ━━━━━━━━━━━━━━━━━━━━━━━━━━━━━━━━━━━━━━━━ 2.1/2.1 MB 162.7 MB/s  0:00:00
build	Install linters and security tools	2025-09-24T06:38:47.5708324Z Downloading authlib-1.6.4-py2.py3-none-any.whl (243 kB)
build	Install linters and security tools	2025-09-24T06:38:47.5846650Z Downloading dparse-0.6.4-py3-none-any.whl (11 kB)
build	Install linters and security tools	2025-09-24T06:38:47.6010461Z Downloading jinja2-3.1.6-py3-none-any.whl (134 kB)
build	Install linters and security tools	2025-09-24T06:38:47.6133340Z Downloading MarkupSafe-3.0.2-cp312-cp312-manylinux_2_17_x86_64.manylinux2014_x86_64.whl (23 kB)
build	Install linters and security tools	2025-09-24T06:38:47.6251756Z Downloading marshmallow-4.0.1-py3-none-any.whl (48 kB)
build	Install linters and security tools	2025-09-24T06:38:47.6408536Z Downloading mypy_extensions-1.1.0-py3-none-any.whl (5.0 kB)
build	Install linters and security tools	2025-09-24T06:38:47.6528962Z Downloading nltk-3.9.1-py3-none-any.whl (1.5 MB)
build	Install linters and security tools	2025-09-24T06:38:47.6659813Z    ━━━━━━━━━━━━━━━━━━━━━━━━━━━━━━━━━━━━━━━━ 1.5/1.5 MB 131.2 MB/s  0:00:00
build	Install linters and security tools	2025-09-24T06:38:47.6759721Z Downloading pathspec-0.12.1-py3-none-any.whl (31 kB)
build	Install linters and security tools	2025-09-24T06:38:47.6885654Z Downloading platformdirs-4.4.0-py3-none-any.whl (18 kB)
build	Install linters and security tools	2025-09-24T06:38:47.7009464Z Downloading pytokens-0.1.10-py3-none-any.whl (12 kB)
build	Install linters and security tools	2025-09-24T06:38:47.7135997Z Downloading PyYAML-6.0.2-cp312-cp312-manylinux_2_17_x86_64.manylinux2014_x86_64.whl (767 kB)
build	Install linters and security tools	2025-09-24T06:38:47.7210276Z    ━━━━━━━━━━━━━━━━━━━━━━━━━━━━━━━━━━━━━━━━ 767.5/767.5 kB 100.1 MB/s  0:00:00
build	Install linters and security tools	2025-09-24T06:38:47.7312691Z Downloading ruamel.yaml-0.18.15-py3-none-any.whl (119 kB)
build	Install linters and security tools	2025-09-24T06:38:47.7447402Z Downloading ruamel.yaml.clib-0.2.14-cp312-cp312-manylinux_2_17_x86_64.manylinux2014_x86_64.whl (753 kB)
build	Install linters and security tools	2025-09-24T06:38:47.7544650Z    ━━━━━━━━━━━━━━━━━━━━━━━━━━━━━━━━━━━━━━━━ 753.1/753.1 kB 75.2 MB/s  0:00:00
build	Install linters and security tools	2025-09-24T06:38:47.7648116Z Downloading setuptools-80.9.0-py3-none-any.whl (1.2 MB)
build	Install linters and security tools	2025-09-24T06:38:47.7738682Z    ━━━━━━━━━━━━━━━━━━━━━━━━━━━━━━━━━━━━━━━━ 1.2/1.2 MB 137.8 MB/s  0:00:00
build	Install linters and security tools	2025-09-24T06:38:47.7840421Z Downloading stevedore-5.5.0-py3-none-any.whl (49 kB)
build	Install linters and security tools	2025-09-24T06:38:47.7964653Z Downloading typer-0.19.2-py3-none-any.whl (46 kB)
build	Install linters and security tools	2025-09-24T06:38:47.8087021Z Downloading rich-14.1.0-py3-none-any.whl (243 kB)
build	Install linters and security tools	2025-09-24T06:38:47.8246208Z Downloading pygments-2.19.2-py3-none-any.whl (1.2 MB)
build	Install linters and security tools	2025-09-24T06:38:47.8407919Z    ━━━━━━━━━━━━━━━━━━━━━━━━━━━━━━━━━━━━━━━━ 1.2/1.2 MB 80.9 MB/s  0:00:00
build	Install linters and security tools	2025-09-24T06:38:47.8510247Z Downloading markdown_it_py-4.0.0-py3-none-any.whl (87 kB)
build	Install linters and security tools	2025-09-24T06:38:47.8643485Z Downloading mdurl-0.1.2-py3-none-any.whl (10.0 kB)
build	Install linters and security tools	2025-09-24T06:38:47.8771439Z Downloading shellingham-1.5.4-py2.py3-none-any.whl (9.8 kB)
build	Install linters and security tools	2025-09-24T06:38:47.8901377Z Downloading httpx-0.28.1-py3-none-any.whl (73 kB)
build	Install linters and security tools	2025-09-24T06:38:47.9046577Z Downloading httpcore-1.0.9-py3-none-any.whl (78 kB)
build	Install linters and security tools	2025-09-24T06:38:47.9176139Z Downloading tenacity-9.1.2-py3-none-any.whl (28 kB)
build	Install linters and security tools	2025-09-24T06:38:47.9296508Z Downloading tomlkit-0.13.3-py3-none-any.whl (38 kB)
build	Install linters and security tools	2025-09-24T06:38:47.9499915Z Downloading tqdm-4.67.1-py3-none-any.whl (78 kB)
build	Install linters and security tools	2025-09-24T06:38:48.1821446Z Installing collected packages: tqdm, tomlkit, tenacity, stevedore, shellingham, setuptools, ruff, ruamel.yaml.clib, PyYAML, pytokens, pygments, pydantic-core, psutil, platformdirs, pathspec, mypy_extensions, mdurl, marshmallow, MarkupSafe, httpcore, filelock, dparse, ruamel-yaml, pydantic, nltk, mypy, markdown-it-py, jinja2, httpx, black, safety-schemas, rich, authlib, typer, bandit, safety
build	Install linters and security tools	2025-09-24T06:38:50.0807679Z   Attempting uninstall: pydantic-core
build	Install linters and security tools	2025-09-24T06:38:50.0846127Z     Found existing installation: pydantic_core 2.33.2
build	Install linters and security tools	2025-09-24T06:38:50.0850722Z     Not uninstalling pydantic-core at /opt/hostedtoolcache/Python/3.12.11/x64/lib/python3.12/site-packages, outside environment /home/runner/work/quantum_trader/quantum_trader/.venv_linters
build	Install linters and security tools	2025-09-24T06:38:50.0852368Z     Can't uninstall 'pydantic_core'. No files were found to uninstall.
build	Install linters and security tools	2025-09-24T06:38:50.5833338Z   Attempting uninstall: pydantic
build	Install linters and security tools	2025-09-24T06:38:50.5877367Z     Found existing installation: pydantic 2.11.9
build	Install linters and security tools	2025-09-24T06:38:50.5882352Z     Not uninstalling pydantic at /opt/hostedtoolcache/Python/3.12.11/x64/lib/python3.12/site-packages, outside environment /home/runner/work/quantum_trader/quantum_trader/.venv_linters
build	Install linters and security tools	2025-09-24T06:38:50.5883610Z     Can't uninstall 'pydantic'. No files were found to uninstall.
build	Install linters and security tools	2025-09-24T06:38:54.2309734Z 
build	Install linters and security tools	2025-09-24T06:38:54.2351717Z Successfully installed MarkupSafe-3.0.2 PyYAML-6.0.2 authlib-1.6.4 bandit-1.8.6 black-25.9.0 dparse-0.6.4 filelock-3.19.1 httpcore-1.0.9 httpx-0.28.1 jinja2-3.1.6 markdown-it-py-4.0.0 marshmallow-4.0.1 mdurl-0.1.2 mypy-1.18.2 mypy_extensions-1.1.0 nltk-3.9.1 pathspec-0.12.1 platformdirs-4.4.0 psutil-7.1.0 pydantic-2.9.2 pydantic-core-2.23.4 pygments-2.19.2 pytokens-0.1.10 rich-14.1.0 ruamel-yaml-0.18.15 ruamel.yaml.clib-0.2.14 ruff-0.13.1 safety-3.6.1 safety-schemas-0.0.14 setuptools-80.9.0 shellingham-1.5.4 stevedore-5.5.0 tenacity-9.1.2 tomlkit-0.13.3 tqdm-4.67.1 typer-0.19.2
build	Install linters and security tools	2025-09-24T06:38:55.4722871Z Collecting types-requests
build	Install linters and security tools	2025-09-24T06:38:55.5243915Z   Downloading types_requests-2.32.4.20250913-py3-none-any.whl.metadata (2.0 kB)
build	Install linters and security tools	2025-09-24T06:38:55.5682228Z Collecting pandas-stubs
build	Install linters and security tools	2025-09-24T06:38:55.5790389Z   Downloading pandas_stubs-2.3.2.250827-py3-none-any.whl.metadata (10 kB)
build	Install linters and security tools	2025-09-24T06:38:55.6557323Z Collecting scikit-learn-stubs
build	Install linters and security tools	2025-09-24T06:38:55.6668831Z   Downloading scikit_learn_stubs-0.0.3-py3-none-any.whl.metadata (1.4 kB)
build	Install linters and security tools	2025-09-24T06:38:55.6949841Z Collecting types-python-dateutil
build	Install linters and security tools	2025-09-24T06:38:55.7052138Z   Downloading types_python_dateutil-2.9.0.20250822-py3-none-any.whl.metadata (1.8 kB)
build	Install linters and security tools	2025-09-24T06:38:55.7505619Z Collecting pytest
build	Install linters and security tools	2025-09-24T06:38:55.7606824Z   Downloading pytest-8.4.2-py3-none-any.whl.metadata (7.7 kB)
build	Install linters and security tools	2025-09-24T06:38:55.7685678Z Requirement already satisfied: urllib3>=2 in /opt/hostedtoolcache/Python/3.12.11/x64/lib/python3.12/site-packages (from types-requests) (2.5.0)
build	Install linters and security tools	2025-09-24T06:38:55.7695033Z Requirement already satisfied: numpy>=1.23.5 in /opt/hostedtoolcache/Python/3.12.11/x64/lib/python3.12/site-packages (from pandas-stubs) (2.3.3)
build	Install linters and security tools	2025-09-24T06:38:55.7928216Z Collecting types-pytz>=2022.1.1 (from pandas-stubs)
build	Install linters and security tools	2025-09-24T06:38:55.8041685Z   Downloading types_pytz-2025.2.0.20250809-py3-none-any.whl.metadata (1.7 kB)
build	Install linters and security tools	2025-09-24T06:38:55.8228338Z Collecting iniconfig>=1 (from pytest)
build	Install linters and security tools	2025-09-24T06:38:55.8326221Z   Downloading iniconfig-2.1.0-py3-none-any.whl.metadata (2.7 kB)
build	Install linters and security tools	2025-09-24T06:38:55.8369179Z Requirement already satisfied: packaging>=20 in /opt/hostedtoolcache/Python/3.12.11/x64/lib/python3.12/site-packages (from pytest) (25.0)
build	Install linters and security tools	2025-09-24T06:38:55.8541323Z Collecting pluggy<2,>=1.5 (from pytest)
build	Install linters and security tools	2025-09-24T06:38:55.8640408Z   Downloading pluggy-1.6.0-py3-none-any.whl.metadata (4.8 kB)
build	Install linters and security tools	2025-09-24T06:38:55.8689627Z Requirement already satisfied: pygments>=2.7.2 in ./.venv_linters/lib/python3.12/site-packages (from pytest) (2.19.2)
build	Install linters and security tools	2025-09-24T06:38:55.8875248Z Downloading types_requests-2.32.4.20250913-py3-none-any.whl (20 kB)
build	Install linters and security tools	2025-09-24T06:38:55.9022204Z Downloading pandas_stubs-2.3.2.250827-py3-none-any.whl (157 kB)
build	Install linters and security tools	2025-09-24T06:38:55.9339173Z Downloading scikit_learn_stubs-0.0.3-py3-none-any.whl (247 kB)
build	Install linters and security tools	2025-09-24T06:38:55.9551166Z Downloading types_python_dateutil-2.9.0.20250822-py3-none-any.whl (17 kB)
build	Install linters and security tools	2025-09-24T06:38:55.9680529Z Downloading pytest-8.4.2-py3-none-any.whl (365 kB)
build	Install linters and security tools	2025-09-24T06:38:55.9833829Z Downloading pluggy-1.6.0-py3-none-any.whl (20 kB)
build	Install linters and security tools	2025-09-24T06:38:55.9973413Z Downloading iniconfig-2.1.0-py3-none-any.whl (6.0 kB)
build	Install linters and security tools	2025-09-24T06:38:56.0095211Z Downloading types_pytz-2025.2.0.20250809-py3-none-any.whl (10 kB)
build	Install linters and security tools	2025-09-24T06:38:56.1781060Z Installing collected packages: types-requests, types-pytz, types-python-dateutil, scikit-learn-stubs, pluggy, iniconfig, pytest, pandas-stubs
build	Install linters and security tools	2025-09-24T06:38:56.5409220Z 
build	Install linters and security tools	2025-09-24T06:38:56.5457190Z Successfully installed iniconfig-2.1.0 pandas-stubs-2.3.2.250827 pluggy-1.6.0 pytest-8.4.2 scikit-learn-stubs-0.0.3 types-python-dateutil-2.9.0.20250822 types-pytz-2025.2.0.20250809 types-requests-2.32.4.20250913
build	Install linters and security tools	2025-09-24T06:38:56.9236941Z Name: types-requests
build	Install linters and security tools	2025-09-24T06:38:56.9238486Z Version: 2.32.4.20250913
build	Install linters and security tools	2025-09-24T06:38:56.9241187Z Summary: Typing stubs for requests
build	Install linters and security tools	2025-09-24T06:38:56.9242906Z Home-page: https://github.com/python/typeshed
build	Install linters and security tools	2025-09-24T06:38:56.9244826Z Author: 
build	Install linters and security tools	2025-09-24T06:38:56.9246923Z Author-email: 
build	Install linters and security tools	2025-09-24T06:38:56.9249146Z License-Expression: Apache-2.0
build	Install linters and security tools	2025-09-24T06:38:56.9258319Z Location: /home/runner/work/quantum_trader/quantum_trader/.venv_linters/lib/python3.12/site-packages
build	Install linters and security tools	2025-09-24T06:38:56.9259763Z Requires: urllib3
build	Install linters and security tools	2025-09-24T06:38:56.9260120Z Required-by: 
build	Install linters and security tools	2025-09-24T06:38:56.9365961Z ---
build	Install linters and security tools	2025-09-24T06:38:56.9368082Z Name: pandas-stubs
build	Install linters and security tools	2025-09-24T06:38:56.9370091Z Version: 2.3.2.250827
build	Install linters and security tools	2025-09-24T06:38:56.9372321Z Summary: Type annotations for pandas
build	Install linters and security tools	2025-09-24T06:38:56.9374299Z Home-page: https://pandas.pydata.org
build	Install linters and security tools	2025-09-24T06:38:56.9376326Z Author: The Pandas Development Team
build	Install linters and security tools	2025-09-24T06:38:56.9378530Z Author-email: pandas-dev@python.org
build	Install linters and security tools	2025-09-24T06:38:56.9380157Z License: BSD-3-Clause
build	Install linters and security tools	2025-09-24T06:38:56.9382948Z Location: /home/runner/work/quantum_trader/quantum_trader/.venv_linters/lib/python3.12/site-packages
build	Install linters and security tools	2025-09-24T06:38:56.9384229Z Requires: numpy, types-pytz
build	Install linters and security tools	2025-09-24T06:38:56.9386311Z Required-by: 
build	Install linters and security tools	2025-09-24T06:38:56.9499036Z ---
build	Install linters and security tools	2025-09-24T06:38:56.9500716Z Name: scikit-learn-stubs
build	Install linters and security tools	2025-09-24T06:38:56.9502997Z Version: 0.0.3
build	Install linters and security tools	2025-09-24T06:38:56.9505459Z Summary: scikit-learn stubs from the Microsoft python-type-stubs repository
build	Install linters and security tools	2025-09-24T06:38:56.9507073Z Home-page: https://github.com/hoel-bagard/scikit-learn-stubs
build	Install linters and security tools	2025-09-24T06:38:56.9508950Z Author: Bagard Hoel
build	Install linters and security tools	2025-09-24T06:38:56.9510914Z Author-email: 
build	Install linters and security tools	2025-09-24T06:38:56.9513040Z License: MIT
build	Install linters and security tools	2025-09-24T06:38:56.9515753Z Location: /home/runner/work/quantum_trader/quantum_trader/.venv_linters/lib/python3.12/site-packages
build	Install linters and security tools	2025-09-24T06:38:56.9516668Z Requires: 
build	Install linters and security tools	2025-09-24T06:38:56.9518726Z Required-by: 
build	Install linters and security tools	2025-09-24T06:38:56.9614036Z ---
build	Install linters and security tools	2025-09-24T06:38:56.9616286Z Name: types-python-dateutil
build	Install linters and security tools	2025-09-24T06:38:56.9618231Z Version: 2.9.0.20250822
build	Install linters and security tools	2025-09-24T06:38:56.9620401Z Summary: Typing stubs for python-dateutil
build	Install linters and security tools	2025-09-24T06:38:56.9622402Z Home-page: https://github.com/python/typeshed
build	Install linters and security tools	2025-09-24T06:38:56.9624212Z Author: 
build	Install linters and security tools	2025-09-24T06:38:56.9626154Z Author-email: 
build	Install linters and security tools	2025-09-24T06:38:56.9628215Z License-Expression: Apache-2.0
build	Install linters and security tools	2025-09-24T06:38:56.9630817Z Location: /home/runner/work/quantum_trader/quantum_trader/.venv_linters/lib/python3.12/site-packages
build	Install linters and security tools	2025-09-24T06:38:56.9631749Z Requires: 
build	Install linters and security tools	2025-09-24T06:38:56.9634043Z Required-by: 
build	Install linters and security tools	2025-09-24T06:38:56.9739523Z ---
build	Install linters and security tools	2025-09-24T06:38:56.9741532Z Name: pytest
build	Install linters and security tools	2025-09-24T06:38:56.9743739Z Version: 8.4.2
build	Install linters and security tools	2025-09-24T06:38:56.9745978Z Summary: pytest: simple powerful testing with Python
build	Install linters and security tools	2025-09-24T06:38:56.9747854Z Home-page: https://docs.pytest.org/en/latest/
build	Install linters and security tools	2025-09-24T06:38:56.9750879Z Author: Holger Krekel, Bruno Oliveira, Ronny Pfannschmidt, Floris Bruynooghe, Brianna Laugher, Florian Bruhin, Others (See AUTHORS)
build	Install linters and security tools	2025-09-24T06:38:56.9752132Z Author-email: 
build	Install linters and security tools	2025-09-24T06:38:56.9753924Z License: MIT
build	Install linters and security tools	2025-09-24T06:38:56.9756680Z Location: /home/runner/work/quantum_trader/quantum_trader/.venv_linters/lib/python3.12/site-packages
build	Install linters and security tools	2025-09-24T06:38:56.9757793Z Requires: iniconfig, packaging, pluggy, pygments
build	Install linters and security tools	2025-09-24T06:38:56.9759720Z Required-by: 
build	Install linters and security tools	2025-09-24T06:38:57.3390023Z pandas-stubs          2.3.2.250827
build	Install linters and security tools	2025-09-24T06:38:57.3390594Z pytest                8.4.2
build	Install linters and security tools	2025-09-24T06:38:57.3391024Z scikit-learn-stubs    0.0.3
build	Install linters and security tools	2025-09-24T06:38:57.3391563Z types-python-dateutil 2.9.0.20250822
build	Install linters and security tools	2025-09-24T06:38:57.3392302Z types-requests        2.32.4.20250913
build	Install linters and security tools	2025-09-24T06:38:57.3500565Z venv python: /home/runner/work/quantum_trader/quantum_trader/.venv_linters/bin/python
build	Install linters and security tools	2025-09-24T06:38:57.3501104Z sys.path:
build	Install linters and security tools	2025-09-24T06:38:57.3501232Z 
build	Install linters and security tools	2025-09-24T06:38:57.3501504Z /opt/hostedtoolcache/Python/3.12.11/x64/lib/python312.zip
build	Install linters and security tools	2025-09-24T06:38:57.3502165Z /opt/hostedtoolcache/Python/3.12.11/x64/lib/python3.12
build	Install linters and security tools	2025-09-24T06:38:57.3502726Z /opt/hostedtoolcache/Python/3.12.11/x64/lib/python3.12/lib-dynload
build	Install linters and security tools	2025-09-24T06:38:57.3503466Z /home/runner/work/quantum_trader/quantum_trader/.venv_linters/lib/python3.12/site-packages
build	Install linters and security tools	2025-09-24T06:38:57.3504194Z /opt/hostedtoolcache/Python/3.12.11/x64/lib/python3.12/site-packages
build	Install linters and security tools	2025-09-24T06:38:57.3643683Z spec(requests): ModuleSpec(name='requests', loader=<_frozen_importlib_external.SourceFileLoader object at 0x7fd9905356a0>, origin='/opt/hostedtoolcache/Python/3.12.11/x64/lib/python3.12/site-packages/requests/__init__.py', submodule_search_locations=['/opt/hostedtoolcache/Python/3.12.11/x64/lib/python3.12/site-packages/requests'])
build	Install linters and security tools	2025-09-24T06:38:57.3645541Z spec(types_requests): None
build	Install linters and security tools	2025-09-24T06:38:57.3647250Z spec(pandas): ModuleSpec(name='pandas', loader=<_frozen_importlib_external.SourceFileLoader object at 0x7fd9905355b0>, origin='/opt/hostedtoolcache/Python/3.12.11/x64/lib/python3.12/site-packages/pandas/__init__.py', submodule_search_locations=['/opt/hostedtoolcache/Python/3.12.11/x64/lib/python3.12/site-packages/pandas'])
build	Install linters and security tools	2025-09-24T06:38:57.3650059Z spec(sklearn): ModuleSpec(name='sklearn', loader=<_frozen_importlib_external.SourceFileLoader object at 0x7fd990535730>, origin='/opt/hostedtoolcache/Python/3.12.11/x64/lib/python3.12/site-packages/sklearn/__init__.py', submodule_search_locations=['/opt/hostedtoolcache/Python/3.12.11/x64/lib/python3.12/site-packages/sklearn'])
build	Install linters and security tools	2025-09-24T06:38:57.3653243Z spec(pytest): ModuleSpec(name='pytest', loader=<_frozen_importlib_external.SourceFileLoader object at 0x7fd9905355e0>, origin='/home/runner/work/quantum_trader/quantum_trader/.venv_linters/lib/python3.12/site-packages/pytest/__init__.py', submodule_search_locations=['/home/runner/work/quantum_trader/quantum_trader/.venv_linters/lib/python3.12/site-packages/pytest'])
build	Run npm ci for frontend	﻿2025-09-24T06:38:57.3694097Z ##[group]Run npm ci
build	Run npm ci for frontend	2025-09-24T06:38:57.3694344Z [36;1mnpm ci[0m
build	Run npm ci for frontend	2025-09-24T06:38:57.3725274Z shell: /usr/bin/bash -e {0}
build	Run npm ci for frontend	2025-09-24T06:38:57.3725504Z env:
build	Run npm ci for frontend	2025-09-24T06:38:57.3725748Z   pythonLocation: /opt/hostedtoolcache/Python/3.12.11/x64
build	Run npm ci for frontend	2025-09-24T06:38:57.3726157Z   PKG_CONFIG_PATH: /opt/hostedtoolcache/Python/3.12.11/x64/lib/pkgconfig
build	Run npm ci for frontend	2025-09-24T06:38:57.3726574Z   Python_ROOT_DIR: /opt/hostedtoolcache/Python/3.12.11/x64
build	Run npm ci for frontend	2025-09-24T06:38:57.3726943Z   Python2_ROOT_DIR: /opt/hostedtoolcache/Python/3.12.11/x64
build	Run npm ci for frontend	2025-09-24T06:38:57.3727307Z   Python3_ROOT_DIR: /opt/hostedtoolcache/Python/3.12.11/x64
build	Run npm ci for frontend	2025-09-24T06:38:57.3727652Z   LD_LIBRARY_PATH: /opt/hostedtoolcache/Python/3.12.11/x64/lib
build	Run npm ci for frontend	2025-09-24T06:38:57.3727945Z ##[endgroup]
build	Run npm ci for frontend	2025-09-24T06:38:58.9767264Z npm warn EBADENGINE Unsupported engine {
build	Run npm ci for frontend	2025-09-24T06:38:58.9767935Z npm warn EBADENGINE   package: 'vite@7.1.7',
build	Run npm ci for frontend	2025-09-24T06:38:58.9768619Z npm warn EBADENGINE   required: { node: '^20.19.0 || >=22.12.0' },
build	Run npm ci for frontend	2025-09-24T06:38:58.9769390Z npm warn EBADENGINE   current: { node: 'v18.20.8', npm: '10.8.2' }
build	Run npm ci for frontend	2025-09-24T06:38:58.9770004Z npm warn EBADENGINE }
build	Run npm ci for frontend	2025-09-24T06:39:01.6570129Z 
build	Run npm ci for frontend	2025-09-24T06:39:01.6570951Z added 240 packages, and audited 241 packages in 4s
build	Run npm ci for frontend	2025-09-24T06:39:01.6571398Z 
build	Run npm ci for frontend	2025-09-24T06:39:01.6571604Z 53 packages are looking for funding
build	Run npm ci for frontend	2025-09-24T06:39:01.6572345Z   run `npm fund` for details
build	Run npm ci for frontend	2025-09-24T06:39:01.6580678Z 
build	Run npm ci for frontend	2025-09-24T06:39:01.6580890Z found 0 vulnerabilities
build	Run frontend build (Vite)	﻿2025-09-24T06:39:01.6786597Z ##[group]Run # Run the real frontend build to validate bundling and plugin transforms
build	Run frontend build (Vite)	2025-09-24T06:39:01.6787145Z [36;1m# Run the real frontend build to validate bundling and plugin transforms[0m
build	Run frontend build (Vite)	2025-09-24T06:39:01.6787509Z [36;1mnpm run build[0m
build	Run frontend build (Vite)	2025-09-24T06:39:01.6822406Z shell: /usr/bin/bash -e {0}
build	Run frontend build (Vite)	2025-09-24T06:39:01.6822622Z env:
build	Run frontend build (Vite)	2025-09-24T06:39:01.6822860Z   pythonLocation: /opt/hostedtoolcache/Python/3.12.11/x64
build	Run frontend build (Vite)	2025-09-24T06:39:01.6823271Z   PKG_CONFIG_PATH: /opt/hostedtoolcache/Python/3.12.11/x64/lib/pkgconfig
build	Run frontend build (Vite)	2025-09-24T06:39:01.6823654Z   Python_ROOT_DIR: /opt/hostedtoolcache/Python/3.12.11/x64
build	Run frontend build (Vite)	2025-09-24T06:39:01.6824013Z   Python2_ROOT_DIR: /opt/hostedtoolcache/Python/3.12.11/x64
build	Run frontend build (Vite)	2025-09-24T06:39:01.6824350Z   Python3_ROOT_DIR: /opt/hostedtoolcache/Python/3.12.11/x64
build	Run frontend build (Vite)	2025-09-24T06:39:01.6824691Z   LD_LIBRARY_PATH: /opt/hostedtoolcache/Python/3.12.11/x64/lib
build	Run frontend build (Vite)	2025-09-24T06:39:01.6824969Z ##[endgroup]
build	Run frontend build (Vite)	2025-09-24T06:39:01.8098836Z 
build	Run frontend build (Vite)	2025-09-24T06:39:01.8099829Z > quantum_trader_frontend@1.0.0 build
build	Run frontend build (Vite)	2025-09-24T06:39:01.8102907Z > vite build
build	Run frontend build (Vite)	2025-09-24T06:39:01.8103135Z 
build	Run frontend build (Vite)	2025-09-24T06:39:01.8561013Z [33mYou are using Node.js 18.20.8. Vite requires Node.js version 20.19+ or 22.12+. Please upgrade your Node.js version.[39m
build	Run frontend build (Vite)	2025-09-24T06:39:02.4294820Z [36mvite v7.1.7 [32mbuilding for production...[36m[39m
build	Run frontend build (Vite)	2025-09-24T06:39:02.4925063Z transforming...
build	Run frontend build (Vite)	2025-09-24T06:39:03.2911174Z [32m✓[39m 93 modules transformed.
build	Run frontend build (Vite)	2025-09-24T06:39:03.3837422Z [33m[plugin vite:reporter] 
build	Run frontend build (Vite)	2025-09-24T06:39:03.3840157Z (!) /home/runner/work/quantum_trader/quantum_trader/frontend/src/utils/api.ts is dynamically imported by /home/runner/work/quantum_trader/quantum_trader/frontend/src/hooks/useDashboardData.tsx but also statically imported by /home/runner/work/quantum_trader/quantum_trader/frontend/src/components/CandlesChart.tsx, dynamic import will not move module into another chunk.
build	Run frontend build (Vite)	2025-09-24T06:39:03.3842258Z [39m
build	Run frontend build (Vite)	2025-09-24T06:39:03.3842562Z rendering chunks...
build	Run frontend build (Vite)	2025-09-24T06:39:03.3903416Z computing gzip size...
build	Run frontend build (Vite)	2025-09-24T06:39:03.4329439Z [2mdist/[22m[32mindex.html                 [39m[1m[2m  0.43 kB[22m[1m[22m[2m │ gzip:  0.29 kB[22m
build	Run frontend build (Vite)	2025-09-24T06:39:03.4330762Z [2mdist/[22m[2massets/[22m[35mindex-CxnqmwFE.css  [39m[1m[2m  0.32 kB[22m[1m[22m[2m │ gzip:  0.23 kB[22m
build	Run frontend build (Vite)	2025-09-24T06:39:03.4332234Z [2mdist/[22m[2massets/[22m[36mindex-mwTe9p9r.js   [39m[1m[2m155.25 kB[22m[1m[22m[2m │ gzip: 49.48 kB[22m
build	Run frontend build (Vite)	2025-09-24T06:39:03.4335492Z [32m✓ built in 978ms[39m
build	Run npm audit (fail on high/critical)	﻿2025-09-24T06:39:03.4593243Z ##[group]Run npm audit --audit-level=high
build	Run npm audit (fail on high/critical)	2025-09-24T06:39:03.4593589Z [36;1mnpm audit --audit-level=high[0m
build	Run npm audit (fail on high/critical)	2025-09-24T06:39:03.4625421Z shell: /usr/bin/bash -e {0}
build	Run npm audit (fail on high/critical)	2025-09-24T06:39:03.4625646Z env:
build	Run npm audit (fail on high/critical)	2025-09-24T06:39:03.4625877Z   pythonLocation: /opt/hostedtoolcache/Python/3.12.11/x64
build	Run npm audit (fail on high/critical)	2025-09-24T06:39:03.4626276Z   PKG_CONFIG_PATH: /opt/hostedtoolcache/Python/3.12.11/x64/lib/pkgconfig
build	Run npm audit (fail on high/critical)	2025-09-24T06:39:03.4626675Z   Python_ROOT_DIR: /opt/hostedtoolcache/Python/3.12.11/x64
build	Run npm audit (fail on high/critical)	2025-09-24T06:39:03.4627036Z   Python2_ROOT_DIR: /opt/hostedtoolcache/Python/3.12.11/x64
build	Run npm audit (fail on high/critical)	2025-09-24T06:39:03.4627367Z   Python3_ROOT_DIR: /opt/hostedtoolcache/Python/3.12.11/x64
build	Run npm audit (fail on high/critical)	2025-09-24T06:39:03.4627712Z   LD_LIBRARY_PATH: /opt/hostedtoolcache/Python/3.12.11/x64/lib
build	Run npm audit (fail on high/critical)	2025-09-24T06:39:03.4627997Z ##[endgroup]
build	Run npm audit (fail on high/critical)	2025-09-24T06:39:04.3320917Z found 0 vulnerabilities
build	Run npm audit (warn on moderate)	﻿2025-09-24T06:39:04.3440328Z ##[group]Run # Run audit at moderate level but do not fail the job; emit a GitHub Actions warning so maintainers see it.
build	Run npm audit (warn on moderate)	2025-09-24T06:39:04.3441606Z [36;1m# Run audit at moderate level but do not fail the job; emit a GitHub Actions warning so maintainers see it.[0m
build	Run npm audit (warn on moderate)	2025-09-24T06:39:04.3443157Z [36;1mnpm audit --audit-level=moderate || echo "::warning file=frontend/package.json::npm audit found moderate vulnerabilities (see logs)"[0m
build	Run npm audit (warn on moderate)	2025-09-24T06:39:04.3489037Z shell: /usr/bin/bash -e {0}
build	Run npm audit (warn on moderate)	2025-09-24T06:39:04.3489431Z env:
build	Run npm audit (warn on moderate)	2025-09-24T06:39:04.3489849Z   pythonLocation: /opt/hostedtoolcache/Python/3.12.11/x64
build	Run npm audit (warn on moderate)	2025-09-24T06:39:04.3490576Z   PKG_CONFIG_PATH: /opt/hostedtoolcache/Python/3.12.11/x64/lib/pkgconfig
build	Run npm audit (warn on moderate)	2025-09-24T06:39:04.3491288Z   Python_ROOT_DIR: /opt/hostedtoolcache/Python/3.12.11/x64
build	Run npm audit (warn on moderate)	2025-09-24T06:39:04.3492178Z   Python2_ROOT_DIR: /opt/hostedtoolcache/Python/3.12.11/x64
build	Run npm audit (warn on moderate)	2025-09-24T06:39:04.3492828Z   Python3_ROOT_DIR: /opt/hostedtoolcache/Python/3.12.11/x64
build	Run npm audit (warn on moderate)	2025-09-24T06:39:04.3493527Z   LD_LIBRARY_PATH: /opt/hostedtoolcache/Python/3.12.11/x64/lib
build	Run npm audit (warn on moderate)	2025-09-24T06:39:04.3494122Z ##[endgroup]
build	Run npm audit (warn on moderate)	2025-09-24T06:39:04.9852113Z found 0 vulnerabilities
build	Run Ruff	﻿2025-09-24T06:39:04.9957002Z ##[group]Run ruff check backend
build	Run Ruff	2025-09-24T06:39:04.9957621Z [36;1mruff check backend[0m
build	Run Ruff	2025-09-24T06:39:04.9990380Z shell: /usr/bin/bash -e {0}
build	Run Ruff	2025-09-24T06:39:04.9990617Z env:
build	Run Ruff	2025-09-24T06:39:04.9990866Z   pythonLocation: /opt/hostedtoolcache/Python/3.12.11/x64
build	Run Ruff	2025-09-24T06:39:04.9991284Z   PKG_CONFIG_PATH: /opt/hostedtoolcache/Python/3.12.11/x64/lib/pkgconfig
build	Run Ruff	2025-09-24T06:39:04.9991702Z   Python_ROOT_DIR: /opt/hostedtoolcache/Python/3.12.11/x64
build	Run Ruff	2025-09-24T06:39:04.9992269Z   Python2_ROOT_DIR: /opt/hostedtoolcache/Python/3.12.11/x64
build	Run Ruff	2025-09-24T06:39:04.9992633Z   Python3_ROOT_DIR: /opt/hostedtoolcache/Python/3.12.11/x64
build	Run Ruff	2025-09-24T06:39:04.9992986Z   LD_LIBRARY_PATH: /opt/hostedtoolcache/Python/3.12.11/x64/lib
build	Run Ruff	2025-09-24T06:39:04.9993275Z ##[endgroup]
build	Run Ruff	2025-09-24T06:39:05.0161279Z All checks passed!
build	Run Mypy	﻿2025-09-24T06:39:05.0187960Z ##[group]Run ./.venv_linters/bin/python -m mypy --install-types --non-interactive backend --exclude 'backend/tests/.*'
build	Run Mypy	2025-09-24T06:39:05.0188769Z [36;1m./.venv_linters/bin/python -m mypy --install-types --non-interactive backend --exclude 'backend/tests/.*'[0m
build	Run Mypy	2025-09-24T06:39:05.0219665Z shell: /usr/bin/bash -e {0}
build	Run Mypy	2025-09-24T06:39:05.0219886Z env:
build	Run Mypy	2025-09-24T06:39:05.0220121Z   pythonLocation: /opt/hostedtoolcache/Python/3.12.11/x64
build	Run Mypy	2025-09-24T06:39:05.0220525Z   PKG_CONFIG_PATH: /opt/hostedtoolcache/Python/3.12.11/x64/lib/pkgconfig
build	Run Mypy	2025-09-24T06:39:05.0220912Z   Python_ROOT_DIR: /opt/hostedtoolcache/Python/3.12.11/x64
build	Run Mypy	2025-09-24T06:39:05.0221259Z   Python2_ROOT_DIR: /opt/hostedtoolcache/Python/3.12.11/x64
build	Run Mypy	2025-09-24T06:39:05.0221591Z   Python3_ROOT_DIR: /opt/hostedtoolcache/Python/3.12.11/x64
build	Run Mypy	2025-09-24T06:39:05.0222140Z   LD_LIBRARY_PATH: /opt/hostedtoolcache/Python/3.12.11/x64/lib
build	Run Mypy	2025-09-24T06:39:05.0222431Z ##[endgroup]
build	Run Mypy	2025-09-24T06:39:19.6284692Z Collecting scipy-stubs
build	Run Mypy	2025-09-24T06:39:19.6952869Z   Downloading scipy_stubs-1.16.2.0-py3-none-any.whl.metadata (24 kB)
build	Run Mypy	2025-09-24T06:39:19.7725237Z Collecting types-PySocks
build	Run Mypy	2025-09-24T06:39:19.7834012Z   Downloading types_pysocks-1.7.1.20250828-py3-none-any.whl.metadata (1.7 kB)
build	Run Mypy	2025-09-24T06:39:19.8610772Z Collecting types-defusedxml
build	Run Mypy	2025-09-24T06:39:19.8715837Z   Downloading types_defusedxml-0.7.0.20250822-py3-none-any.whl.metadata (1.8 kB)
build	Run Mypy	2025-09-24T06:39:19.8919748Z Collecting types-greenlet
build	Run Mypy	2025-09-24T06:39:19.9019816Z   Downloading types_greenlet-3.2.0.20250915-py3-none-any.whl.metadata (1.7 kB)
build	Run Mypy	2025-09-24T06:39:19.9397948Z Collecting types-openpyxl
build	Run Mypy	2025-09-24T06:39:19.9505048Z   Downloading types_openpyxl-3.1.5.20250919-py3-none-any.whl.metadata (1.7 kB)
build	Run Mypy	2025-09-24T06:39:19.9746264Z Collecting types-ujson
build	Run Mypy	2025-09-24T06:39:19.9849072Z   Downloading types_ujson-5.10.0.20250822-py3-none-any.whl.metadata (1.9 kB)
build	Run Mypy	2025-09-24T06:39:20.0609001Z Collecting types-xlrd
build	Run Mypy	2025-09-24T06:39:20.0718408Z   Downloading types_xlrd-2.0.0.20250914-py3-none-any.whl.metadata (1.7 kB)
build	Run Mypy	2025-09-24T06:39:20.0962982Z Collecting optype<0.14,>=0.13.4 (from optype[numpy]<0.14,>=0.13.4->scipy-stubs)
build	Run Mypy	2025-09-24T06:39:20.1067738Z   Downloading optype-0.13.4-py3-none-any.whl.metadata (116 kB)
build	Run Mypy	2025-09-24T06:39:20.1331133Z Requirement already satisfied: typing-extensions>=4.10 in /opt/hostedtoolcache/Python/3.12.11/x64/lib/python3.12/site-packages (from optype<0.14,>=0.13.4->optype[numpy]<0.14,>=0.13.4->scipy-stubs) (4.15.0)
build	Run Mypy	2025-09-24T06:39:20.1345214Z Requirement already satisfied: numpy>=1.25 in /opt/hostedtoolcache/Python/3.12.11/x64/lib/python3.12/site-packages (from optype[numpy]<0.14,>=0.13.4->scipy-stubs) (2.3.3)
build	Run Mypy	2025-09-24T06:39:20.2158833Z Collecting numpy-typing-compat<20250819,>=20250818.1.25 (from optype[numpy]<0.14,>=0.13.4->scipy-stubs)
build	Run Mypy	2025-09-24T06:39:20.2294906Z   Downloading numpy_typing_compat-20250818.2.3-py3-none-any.whl.metadata (7.9 kB)
build	Run Mypy	2025-09-24T06:39:20.2533503Z Downloading scipy_stubs-1.16.2.0-py3-none-any.whl (553 kB)
build	Run Mypy	2025-09-24T06:39:20.2742775Z    ━━━━━━━━━━━━━━━━━━━━━━━━━━━━━━━━━━━━━━━━ 553.2/553.2 kB 29.9 MB/s  0:00:00
build	Run Mypy	2025-09-24T06:39:20.2854771Z Downloading optype-0.13.4-py3-none-any.whl (87 kB)
build	Run Mypy	2025-09-24T06:39:20.2989397Z Downloading numpy_typing_compat-20250818.2.3-py3-none-any.whl (6.3 kB)
build	Run Mypy	2025-09-24T06:39:20.3135042Z Downloading types_pysocks-1.7.1.20250828-py3-none-any.whl (9.6 kB)
build	Run Mypy	2025-09-24T06:39:20.3262028Z Downloading types_defusedxml-0.7.0.20250822-py3-none-any.whl (13 kB)
build	Run Mypy	2025-09-24T06:39:20.3409386Z Downloading types_greenlet-3.2.0.20250915-py3-none-any.whl (8.8 kB)
build	Run Mypy	2025-09-24T06:39:20.3558718Z Downloading types_openpyxl-3.1.5.20250919-py3-none-any.whl (166 kB)
build	Run Mypy	2025-09-24T06:39:20.3687673Z Downloading types_ujson-5.10.0.20250822-py3-none-any.whl (7.7 kB)
build	Run Mypy	2025-09-24T06:39:20.3809455Z Downloading types_xlrd-2.0.0.20250914-py3-none-any.whl (16 kB)
build	Run Mypy	2025-09-24T06:39:20.5650741Z Installing collected packages: types-xlrd, types-ujson, types-PySocks, types-openpyxl, types-greenlet, types-defusedxml, optype, numpy-typing-compat, scipy-stubs
build	Run Mypy	2025-09-24T06:39:20.7716420Z 
build	Run Mypy	2025-09-24T06:39:20.7767728Z Successfully installed numpy-typing-compat-20250818.2.3 optype-0.13.4 scipy-stubs-1.16.2.0 types-PySocks-1.7.1.20250828 types-defusedxml-0.7.0.20250822 types-greenlet-3.2.0.20250915 types-openpyxl-3.1.5.20250919 types-ujson-5.10.0.20250822 types-xlrd-2.0.0.20250914
build	Run Mypy	2025-09-24T06:39:35.9497329Z backend/utils/trade_logger.py:1: error: Module "backend.database" has no attribute "TradeLog"  [attr-defined]
build	Run Mypy	2025-09-24T06:39:35.9498946Z backend/utils/trade_logger.py:23: error: "object" has no attribute "add"  [attr-defined]
build	Run Mypy	2025-09-24T06:39:35.9500369Z backend/utils/trade_logger.py:24: error: "object" has no attribute "commit"  [attr-defined]
build	Run Mypy	2025-09-24T06:39:35.9501765Z backend/utils/trade_logger.py:25: error: "object" has no attribute "refresh"  [attr-defined]
build	Run Mypy	2025-09-24T06:39:35.9503409Z backend/utils/trade_logger.py:28: error: "object" has no attribute "rollback"  [attr-defined]
build	Run Mypy	2025-09-24T06:39:35.9504688Z backend/utils/trade_logger.py:31: error: "object" has no attribute "close"  [attr-defined]
build	Run Mypy	2025-09-24T06:39:35.9505884Z backend/routes/ws.py:18: error: "Iterator[object]" has no attribute "cursor"  [attr-defined]
build	Run Mypy	2025-09-24T06:39:35.9507176Z backend/routes/trades.py:5: error: Module "backend.database" has no attribute "TradeLog"  [attr-defined]
build	Run Mypy	2025-09-24T06:39:35.9508819Z backend/routes/trade_logs.py:15: error: "Iterator[object]" has no attribute "cursor"  [attr-defined]
build	Run Mypy	2025-09-24T06:39:35.9510059Z backend/routes/candles.py:17: error: "Iterator[object]" has no attribute "cursor"  [attr-defined]
build	Run Mypy	2025-09-24T06:39:35.9511281Z backend/routes/backtest.py:11: error: "Iterator[object]" has no attribute "cursor"  [attr-defined]
build	Run Mypy	2025-09-24T06:39:35.9512836Z ai_engine/feature_engineer.py:11: error: Unsupported operand types for > ("Series[type[object]]" and "int")  [operator]
build	Run Mypy	2025-09-24T06:39:35.9514315Z ai_engine/feature_engineer.py:12: error: Unsupported operand types for < ("Series[type[object]]" and "int")  [operator]
build	Run Mypy	2025-09-24T06:39:35.9516152Z ai_engine/feature_engineer.py:22: error: Argument 1 to "combine" of "Series" has incompatible type "ndarray[tuple[Any, ...], dtype[Any]]"; expected "Series[Any]"  [arg-type]
build	Run Mypy	2025-09-24T06:39:35.9518039Z backend/routes/ai.py:153: error: Incompatible types in assignment (expression has type "None", variable has type Module)  [assignment]
build	Run Mypy	2025-09-24T06:39:35.9519378Z backend/routes/ai.py:298: error: "object" has no attribute "query"  [attr-defined]
build	Run Mypy	2025-09-24T06:39:35.9520567Z backend/routes/ai.py:298: error: Item "datetime" of "datetime | None" has no attribute "desc"  [union-attr]
build	Run Mypy	2025-09-24T06:39:35.9521974Z backend/routes/ai.py:298: error: Item "None" of "datetime | None" has no attribute "desc"  [union-attr]
build	Run Mypy	2025-09-24T06:39:35.9523105Z backend/routes/ai.py:312: error: "object" has no attribute "close"  [attr-defined]
build	Run Mypy	2025-09-24T06:39:35.9524105Z backend/routes/ai.py:319: error: "object" has no attribute "query"  [attr-defined]
build	Run Mypy	2025-09-24T06:39:35.9525102Z backend/routes/ai.py:332: error: "object" has no attribute "close"  [attr-defined]
build	Run Mypy	2025-09-24T06:39:35.9525874Z Installing missing stub packages:
build	Run Mypy	2025-09-24T06:39:35.9527563Z /home/runner/work/quantum_trader/quantum_trader/.venv_linters/bin/python -m pip install scipy-stubs types-PySocks types-defusedxml types-greenlet types-openpyxl types-ujson types-xlrd
build	Run Mypy	2025-09-24T06:39:35.9528756Z 
build	Run Mypy	2025-09-24T06:39:35.9528768Z 
build	Run Mypy	2025-09-24T06:39:35.9529091Z Found 21 errors in 8 files (checked 28 source files)
build	Run Mypy	2025-09-24T06:39:35.9987256Z ##[error]Process completed with exit code 1.
build	Run Mypy (including tests)	﻿2025-09-24T06:39:36.0074957Z ##[group]Run ./.venv_linters/bin/python -m mypy --install-types --non-interactive backend
build	Run Mypy (including tests)	2025-09-24T06:39:36.0075686Z [36;1m./.venv_linters/bin/python -m mypy --install-types --non-interactive backend[0m
build	Run Mypy (including tests)	2025-09-24T06:39:36.0107435Z shell: /usr/bin/bash -e {0}
build	Run Mypy (including tests)	2025-09-24T06:39:36.0107741Z env:
build	Run Mypy (including tests)	2025-09-24T06:39:36.0108182Z   pythonLocation: /opt/hostedtoolcache/Python/3.12.11/x64
build	Run Mypy (including tests)	2025-09-24T06:39:36.0108721Z   PKG_CONFIG_PATH: /opt/hostedtoolcache/Python/3.12.11/x64/lib/pkgconfig
build	Run Mypy (including tests)	2025-09-24T06:39:36.0109172Z   Python_ROOT_DIR: /opt/hostedtoolcache/Python/3.12.11/x64
build	Run Mypy (including tests)	2025-09-24T06:39:36.0109694Z   Python2_ROOT_DIR: /opt/hostedtoolcache/Python/3.12.11/x64
build	Run Mypy (including tests)	2025-09-24T06:39:36.0110129Z   Python3_ROOT_DIR: /opt/hostedtoolcache/Python/3.12.11/x64
build	Run Mypy (including tests)	2025-09-24T06:39:36.0110607Z   LD_LIBRARY_PATH: /opt/hostedtoolcache/Python/3.12.11/x64/lib
build	Run Mypy (including tests)	2025-09-24T06:39:36.0110972Z ##[endgroup]
build	Run Mypy (including tests)	2025-09-24T06:39:43.1802582Z Collecting types-Pygments
build	Run Mypy (including tests)	2025-09-24T06:39:43.2431601Z   Downloading types_pygments-2.19.0.20250809-py3-none-any.whl.metadata (1.9 kB)
build	Run Mypy (including tests)	2025-09-24T06:39:43.2657055Z Collecting types-pexpect
build	Run Mypy (including tests)	2025-09-24T06:39:43.2759565Z   Downloading types_pexpect-4.9.0.20250916-py3-none-any.whl.metadata (1.7 kB)
build	Run Mypy (including tests)	2025-09-24T06:39:43.3107938Z Collecting types-docutils (from types-Pygments)
build	Run Mypy (including tests)	2025-09-24T06:39:43.3209678Z   Downloading types_docutils-0.22.2.20250924-py3-none-any.whl.metadata (1.7 kB)
build	Run Mypy (including tests)	2025-09-24T06:39:43.3350518Z Downloading types_pygments-2.19.0.20250809-py3-none-any.whl (25 kB)
build	Run Mypy (including tests)	2025-09-24T06:39:43.3535455Z Downloading types_pexpect-4.9.0.20250916-py3-none-any.whl (17 kB)
build	Run Mypy (including tests)	2025-09-24T06:39:43.3669757Z Downloading types_docutils-0.22.2.20250924-py3-none-any.whl (91 kB)
build	Run Mypy (including tests)	2025-09-24T06:39:43.5439015Z Installing collected packages: types-pexpect, types-docutils, types-Pygments
build	Run Mypy (including tests)	2025-09-24T06:39:43.5861989Z 
build	Run Mypy (including tests)	2025-09-24T06:39:43.5914359Z Successfully installed types-Pygments-2.19.0.20250809 types-docutils-0.22.2.20250924 types-pexpect-4.9.0.20250916
build	Run Mypy (including tests)	2025-09-24T06:39:51.9426105Z backend/utils/trade_logger.py:1: error: Module "backend.database" has no attribute "TradeLog"  [attr-defined]
build	Run Mypy (including tests)	2025-09-24T06:39:51.9427672Z backend/utils/trade_logger.py:23: error: "object" has no attribute "add"  [attr-defined]
build	Run Mypy (including tests)	2025-09-24T06:39:51.9428859Z backend/utils/trade_logger.py:24: error: "object" has no attribute "commit"  [attr-defined]
build	Run Mypy (including tests)	2025-09-24T06:39:51.9430238Z backend/utils/trade_logger.py:25: error: "object" has no attribute "refresh"  [attr-defined]
build	Run Mypy (including tests)	2025-09-24T06:39:51.9431466Z backend/utils/trade_logger.py:28: error: "object" has no attribute "rollback"  [attr-defined]
build	Run Mypy (including tests)	2025-09-24T06:39:51.9432943Z backend/utils/trade_logger.py:31: error: "object" has no attribute "close"  [attr-defined]
build	Run Mypy (including tests)	2025-09-24T06:39:51.9434413Z backend/tests/test_trade_logger.py:2: error: Module "backend.database" has no attribute "TradeLog"  [attr-defined]
build	Run Mypy (including tests)	2025-09-24T06:39:51.9435834Z backend/routes/ws.py:18: error: "Iterator[object]" has no attribute "cursor"  [attr-defined]
build	Run Mypy (including tests)	2025-09-24T06:39:51.9437163Z backend/routes/trades.py:5: error: Module "backend.database" has no attribute "TradeLog"  [attr-defined]
build	Run Mypy (including tests)	2025-09-24T06:39:51.9438646Z backend/routes/trade_logs.py:15: error: "Iterator[object]" has no attribute "cursor"  [attr-defined]
build	Run Mypy (including tests)	2025-09-24T06:39:51.9440030Z backend/routes/candles.py:17: error: "Iterator[object]" has no attribute "cursor"  [attr-defined]
build	Run Mypy (including tests)	2025-09-24T06:39:51.9441359Z backend/routes/backtest.py:11: error: "Iterator[object]" has no attribute "cursor"  [attr-defined]
build	Run Mypy (including tests)	2025-09-24T06:39:51.9443058Z ai_engine/feature_engineer.py:11: error: Unsupported operand types for > ("Series[type[object]]" and "int")  [operator]
build	Run Mypy (including tests)	2025-09-24T06:39:51.9444650Z ai_engine/feature_engineer.py:12: error: Unsupported operand types for < ("Series[type[object]]" and "int")  [operator]
build	Run Mypy (including tests)	2025-09-24T06:39:51.9446540Z ai_engine/feature_engineer.py:22: error: Argument 1 to "combine" of "Series" has incompatible type "ndarray[tuple[Any, ...], dtype[Any]]"; expected "Series[Any]"  [arg-type]
build	Run Mypy (including tests)	2025-09-24T06:39:51.9448541Z backend/tests/test_train_and_save.py:23: error: Incompatible types in assignment (expression has type "object", variable has type "float")  [assignment]
build	Run Mypy (including tests)	2025-09-24T06:39:51.9450678Z backend/routes/ai.py:153: error: Incompatible types in assignment (expression has type "None", variable has type Module)  [assignment]
build	Run Mypy (including tests)	2025-09-24T06:39:51.9452208Z backend/routes/ai.py:298: error: "object" has no attribute "query"  [attr-defined]
build	Run Mypy (including tests)	2025-09-24T06:39:51.9453447Z backend/routes/ai.py:298: error: Item "datetime" of "datetime | None" has no attribute "desc"  [union-attr]
build	Run Mypy (including tests)	2025-09-24T06:39:51.9454711Z backend/routes/ai.py:298: error: Item "None" of "datetime | None" has no attribute "desc"  [union-attr]
build	Run Mypy (including tests)	2025-09-24T06:39:51.9455813Z backend/routes/ai.py:312: error: "object" has no attribute "close"  [attr-defined]
build	Run Mypy (including tests)	2025-09-24T06:39:51.9456818Z backend/routes/ai.py:319: error: "object" has no attribute "query"  [attr-defined]
build	Run Mypy (including tests)	2025-09-24T06:39:51.9457815Z backend/routes/ai.py:332: error: "object" has no attribute "close"  [attr-defined]
build	Run Mypy (including tests)	2025-09-24T06:39:51.9458569Z Installing missing stub packages:
build	Run Mypy (including tests)	2025-09-24T06:39:51.9459702Z /home/runner/work/quantum_trader/quantum_trader/.venv_linters/bin/python -m pip install types-Pygments types-pexpect
build	Run Mypy (including tests)	2025-09-24T06:39:51.9460481Z 
build	Run Mypy (including tests)	2025-09-24T06:39:51.9460493Z 
build	Run Mypy (including tests)	2025-09-24T06:39:51.9460813Z Found 23 errors in 10 files (checked 40 source files)
build	Run Mypy (including tests)	2025-09-24T06:39:51.9913433Z ##[error]Process completed with exit code 1.
build	Post Checkout repo	﻿2025-09-24T06:39:51.9970296Z Post job cleanup.
build	Post Checkout repo	2025-09-24T06:39:52.0913393Z [command]/usr/bin/git version
build	Post Checkout repo	2025-09-24T06:39:52.0950681Z git version 2.51.0
build	Post Checkout repo	2025-09-24T06:39:52.1003024Z Temporarily overriding HOME='/home/runner/work/_temp/17e9dfef-10fb-4914-ba45-d2b51e8cd3c7' before making global git config changes
build	Post Checkout repo	2025-09-24T06:39:52.1004575Z Adding repository directory to the temporary git global config as a safe directory
build	Post Checkout repo	2025-09-24T06:39:52.1009677Z [command]/usr/bin/git config --global --add safe.directory /home/runner/work/quantum_trader/quantum_trader
build	Post Checkout repo	2025-09-24T06:39:52.1048266Z [command]/usr/bin/git config --local --name-only --get-regexp core\.sshCommand
build	Post Checkout repo	2025-09-24T06:39:52.1087302Z [command]/usr/bin/git submodule foreach --recursive sh -c "git config --local --name-only --get-regexp 'core\.sshCommand' && git config --local --unset-all 'core.sshCommand' || :"
build	Post Checkout repo	2025-09-24T06:39:52.1345557Z [command]/usr/bin/git config --local --name-only --get-regexp http\.https\:\/\/github\.com\/\.extraheader
build	Post Checkout repo	2025-09-24T06:39:52.1366999Z http.https://github.com/.extraheader
build	Post Checkout repo	2025-09-24T06:39:52.1379598Z [command]/usr/bin/git config --local --unset-all http.https://github.com/.extraheader
build	Post Checkout repo	2025-09-24T06:39:52.1409922Z [command]/usr/bin/git submodule foreach --recursive sh -c "git config --local --name-only --get-regexp 'http\.https\:\/\/github\.com\/\.extraheader' && git config --local --unset-all 'http.https://github.com/.extraheader' || :"
build	Stop containers	﻿2025-09-24T06:39:52.1716573Z Print service container logs: f0743d07c7f04ae4bbdfe5aa2b930a1f_postgres16_3ee922
build	Stop containers	2025-09-24T06:39:52.1720848Z ##[command]/usr/bin/docker logs --details 50bac6f93e9d6581b743b4223738194cfcc66ccf58a4bb9410721a06a23e9eb1
build	Stop containers	2025-09-24T06:39:52.1842319Z  The files belonging to this database system will be owned by user "postgres".
build	Stop containers	2025-09-24T06:39:52.1844100Z  initdb: warning: enabling "trust" authentication for local connections
build	Stop containers	2025-09-24T06:39:52.1845270Z  initdb: hint: You can change this by editing pg_hba.conf or using the option -A, or --auth-local and --auth-host, the next time you run initdb.
build	Stop containers	2025-09-24T06:39:52.1846197Z  This user must also own the server process.
build	Stop containers	2025-09-24T06:39:52.1846618Z  
build	Stop containers	2025-09-24T06:39:52.1847035Z  The database cluster will be initialized with locale "en_US.utf8".
build	Stop containers	2025-09-24T06:39:52.1847645Z  The default database encoding has accordingly been set to "UTF8".
build	Stop containers	2025-09-24T06:39:52.1848038Z  The default text search configuration will be set to "english".
build	Stop containers	2025-09-24T06:39:52.1848360Z  
build	Stop containers	2025-09-24T06:39:52.1848572Z  Data page checksums are disabled.
build	Stop containers	2025-09-24T06:39:52.1848790Z  
build	Stop containers	2025-09-24T06:39:52.1849055Z  fixing permissions on existing directory /var/lib/postgresql/data ... ok
build	Stop containers	2025-09-24T06:39:52.1849407Z  creating subdirectories ... ok
build	Stop containers	2025-09-24T06:39:52.1849686Z  selecting dynamic shared memory implementation ... posix
build	Stop containers	2025-09-24T06:39:52.1849996Z  selecting default max_connections ... 100
build	Stop containers	2025-09-24T06:39:52.1850261Z  selecting default shared_buffers ... 128MB
build	Stop containers	2025-09-24T06:39:52.1850520Z  selecting default time zone ... Etc/UTC
build	Stop containers	2025-09-24T06:39:52.1850770Z  creating configuration files ... ok
build	Stop containers	2025-09-24T06:39:52.1851009Z  running bootstrap script ... ok
build	Stop containers	2025-09-24T06:39:52.1851274Z  performing post-bootstrap initialization ... ok
build	Stop containers	2025-09-24T06:39:52.1851555Z  syncing data to disk ... ok
build	Stop containers	2025-09-24T06:39:52.1851753Z  
build	Stop containers	2025-09-24T06:39:52.1852134Z  
build	Stop containers	2025-09-24T06:39:52.1852648Z  2025-09-24 06:37:36.953 UTC [1] LOG:  starting PostgreSQL 16.10 (Debian 16.10-1.pgdg13+1) on x86_64-pc-linux-gnu, compiled by gcc (Debian 14.2.0-19) 14.2.0, 64-bit
build	Stop containers	2025-09-24T06:39:52.1853282Z  2025-09-24 06:37:36.953 UTC [1] LOG:  listening on IPv4 address "0.0.0.0", port 5432
build	Stop containers	2025-09-24T06:39:52.1853719Z  2025-09-24 06:37:36.953 UTC [1] LOG:  listening on IPv6 address "::", port 5432
build	Stop containers	2025-09-24T06:39:52.1854180Z  2025-09-24 06:37:36.955 UTC [1] LOG:  listening on Unix socket "/var/run/postgresql/.s.PGSQL.5432"
build	Stop containers	2025-09-24T06:39:52.1854687Z  2025-09-24 06:37:36.959 UTC [64] LOG:  database system was shut down at 2025-09-24 06:37:36 UTC
build	Stop containers	2025-09-24T06:39:52.1855141Z  2025-09-24 06:37:36.963 UTC [1] LOG:  database system is ready to accept connections
build	Stop containers	2025-09-24T06:39:52.1855521Z  Success. You can now start the database server using:
build	Stop containers	2025-09-24T06:39:52.1855791Z  
build	Stop containers	2025-09-24T06:39:52.1855999Z      pg_ctl -D /var/lib/postgresql/data -l logfile start
build	Stop containers	2025-09-24T06:39:52.1856267Z  
build	Stop containers	2025-09-24T06:39:52.1856815Z  waiting for server to start....2025-09-24 06:37:36.647 UTC [48] LOG:  starting PostgreSQL 16.10 (Debian 16.10-1.pgdg13+1) on x86_64-pc-linux-gnu, compiled by gcc (Debian 14.2.0-19) 14.2.0, 64-bit
build	Stop containers	2025-09-24T06:39:52.1858313Z  2025-09-24 06:37:36.648 UTC [48] LOG:  listening on Unix socket "/var/run/postgresql/.s.PGSQL.5432"
build	Stop containers	2025-09-24T06:39:52.1859155Z  2025-09-24 06:37:36.652 UTC [51] LOG:  database system was shut down at 2025-09-24 06:37:36 UTC
build	Stop containers	2025-09-24T06:39:52.1859833Z  2025-09-24 06:37:36.656 UTC [48] LOG:  database system is ready to accept connections
build	Stop containers	2025-09-24T06:39:52.1860157Z   done
build	Stop containers	2025-09-24T06:39:52.1860318Z  server started
build	Stop containers	2025-09-24T06:39:52.1860489Z  CREATE DATABASE
build	Stop containers	2025-09-24T06:39:52.1860653Z  
build	Stop containers	2025-09-24T06:39:52.1860797Z  
build	Stop containers	2025-09-24T06:39:52.1861093Z  /usr/local/bin/docker-entrypoint.sh: ignoring /docker-entrypoint-initdb.d/*
build	Stop containers	2025-09-24T06:39:52.1861454Z  
build	Stop containers	2025-09-24T06:39:52.1861666Z  2025-09-24 06:37:36.833 UTC [48] LOG:  received fast shutdown request
build	Stop containers	2025-09-24T06:39:52.1862319Z  waiting for server to shut down....2025-09-24 06:37:36.835 UTC [48] LOG:  aborting any active transactions
build	Stop containers	2025-09-24T06:39:52.1863163Z  2025-09-24 06:37:36.836 UTC [48] LOG:  background worker "logical replication launcher" (PID 54) exited with exit code 1
build	Stop containers	2025-09-24T06:39:52.1863631Z  2025-09-24 06:37:36.837 UTC [49] LOG:  shutting down
build	Stop containers	2025-09-24T06:39:52.1863966Z  2025-09-24 06:37:36.838 UTC [49] LOG:  checkpoint starting: shutdown immediate
build	Stop containers	2025-09-24T06:39:52.1864890Z  2025-09-24 06:37:36.857 UTC [49] LOG:  checkpoint complete: wrote 926 buffers (5.7%); 0 WAL file(s) added, 0 removed, 0 recycled; write=0.014 s, sync=0.003 s, total=0.021 s; sync files=301, longest=0.001 s, average=0.001 s; distance=4273 kB, estimate=4273 kB; lsn=0/191F0D8, redo lsn=0/191F0D8
build	Stop containers	2025-09-24T06:39:52.1865790Z  2025-09-24 06:37:36.863 UTC [48] LOG:  database system is shut down
build	Stop containers	2025-09-24T06:39:52.1866073Z   done
build	Stop containers	2025-09-24T06:39:52.1866230Z  server stopped
build	Stop containers	2025-09-24T06:39:52.1866389Z  
build	Stop containers	2025-09-24T06:39:52.1866598Z  PostgreSQL init process complete; ready for start up.
build	Stop containers	2025-09-24T06:39:52.1866876Z  
build	Stop containers	2025-09-24T06:39:52.1872763Z Stop and remove container: f0743d07c7f04ae4bbdfe5aa2b930a1f_postgres16_3ee922
build	Stop containers	2025-09-24T06:39:52.1877435Z ##[command]/usr/bin/docker rm --force 50bac6f93e9d6581b743b4223738194cfcc66ccf58a4bb9410721a06a23e9eb1
build	Stop containers	2025-09-24T06:39:52.3872381Z 50bac6f93e9d6581b743b4223738194cfcc66ccf58a4bb9410721a06a23e9eb1
build	Stop containers	2025-09-24T06:39:52.3904107Z Remove container network: github_network_78990a0040c74a51829a4804d292ae51
build	Stop containers	2025-09-24T06:39:52.3908390Z ##[command]/usr/bin/docker network rm github_network_78990a0040c74a51829a4804d292ae51
build	Stop containers	2025-09-24T06:39:52.5002067Z github_network_78990a0040c74a51829a4804d292ae51
build	Complete job	﻿2025-09-24T06:39:52.5059816Z Cleaning up orphan processes
